mode: set
posts-service/cmd/main/main.go:27.13,29.36 2 0
posts-service/cmd/main/main.go:29.36,32.3 2 0
posts-service/cmd/main/main.go:35.37,39.16 3 0
posts-service/cmd/main/main.go:39.16,41.3 1 0
posts-service/cmd/main/main.go:43.2,47.16 4 0
posts-service/cmd/main/main.go:47.16,49.3 1 0
posts-service/cmd/main/main.go:50.2,74.12 15 0
posts-service/cmd/main/main.go:74.12,76.76 2 0
posts-service/cmd/main/main.go:76.76,78.4 1 0
posts-service/cmd/main/main.go:81.2,81.9 1 0
posts-service/cmd/main/main.go:82.22,83.13 1 0
posts-service/cmd/main/main.go:84.20,84.20 0 0
posts-service/cmd/main/main.go:87.2,90.37 4 0
posts-service/cmd/main/main.go:95.159,96.21 1 0
posts-service/cmd/main/main.go:97.30,99.17 2 0
posts-service/cmd/main/main.go:99.17,101.4 1 0
posts-service/cmd/main/main.go:102.3,102.113 1 0
posts-service/cmd/main/main.go:103.10,104.87 1 0
posts-service/cmd/main/main.go:104.88,104.89 0 0
posts-service/internal/config/config.go:26.29,33.21 2 0
posts-service/internal/config/config.go:34.21,34.21 0 0
posts-service/internal/config/config.go:35.23,36.28 1 0
posts-service/internal/config/config.go:36.28,38.4 1 0
posts-service/internal/config/config.go:39.10,40.116 1 0
posts-service/internal/config/config.go:42.2,42.17 1 0
posts-service/internal/config/config.go:45.42,46.34 1 0
posts-service/internal/config/config.go:46.34,48.3 1 0
posts-service/internal/config/config.go:49.2,49.17 1 0
posts-service/internal/handler/graphql/errors.go:29.69,31.30 2 0
posts-service/internal/handler/graphql/errors.go:31.30,33.3 1 0
posts-service/internal/handler/graphql/errors.go:35.2,35.42 1 0
posts-service/internal/handler/graphql/errors.go:35.42,36.32 1 0
posts-service/internal/handler/graphql/errors.go:36.32,40.4 3 0
posts-service/internal/handler/graphql/errors.go:44.2,45.79 2 0
posts-service/internal/handler/graphql/errors.go:45.79,47.3 1 0
posts-service/internal/handler/graphql/errors.go:49.2,51.15 3 0
posts-service/internal/handler/graphql/resolver.go:19.114,21.2 1 0
posts-service/internal/handler/graphql/resolver.go:24.92,26.26 2 0
posts-service/internal/handler/graphql/resolver.go:26.26,31.3 1 0
posts-service/internal/handler/graphql/resolver.go:32.2,33.20 2 0
posts-service/internal/handler/graphql/resolver.go:33.20,35.3 1 0
posts-service/internal/handler/graphql/resolver.go:36.2,36.68 1 0
posts-service/internal/handler/graphql/resolver.go:40.83,42.26 2 0
posts-service/internal/handler/graphql/resolver.go:42.26,47.3 1 0
posts-service/internal/handler/graphql/resolver.go:48.2,49.20 2 0
posts-service/internal/handler/graphql/resolver.go:49.20,51.3 1 0
posts-service/internal/handler/graphql/resolver.go:52.2,52.65 1 0
posts-service/internal/handler/graphql/server.go:17.52,30.2 9 0
posts-service/internal/handler/graphql/dataloader/dataloader.go:40.65,45.2 2 0
posts-service/internal/handler/graphql/dataloader/dataloader.go:48.101,50.2 1 0
posts-service/internal/handler/graphql/dataloader/dataloader.go:53.88,54.71 1 0
posts-service/internal/handler/graphql/dataloader/dataloader.go:54.71,57.3 2 0
posts-service/internal/handler/graphql/dataloader/dataloader.go:61.40,64.2 2 0
posts-service/internal/handler/graphql/dataloader/dataloader.go:72.96,77.25 4 0
posts-service/internal/handler/graphql/dataloader/dataloader.go:77.25,79.3 1 0
posts-service/internal/handler/graphql/dataloader/dataloader.go:81.2,81.38 1 0
posts-service/internal/handler/graphql/dataloader/dataloader.go:81.38,83.29 2 0
posts-service/internal/handler/graphql/dataloader/dataloader.go:83.29,85.4 1 0
posts-service/internal/handler/graphql/dataloader/dataloader.go:86.3,87.29 2 0
posts-service/internal/handler/graphql/dataloader/dataloader.go:87.29,88.18 1 0
posts-service/internal/handler/graphql/dataloader/dataloader.go:88.18,90.13 2 0
posts-service/internal/handler/graphql/dataloader/dataloader.go:92.4,92.96 1 0
posts-service/internal/handler/graphql/dataloader/dataloader.go:95.2,95.22 1 0
posts-service/internal/middleware/middleware.go:14.67,15.71 1 0
posts-service/internal/middleware/middleware.go:15.71,25.3 4 0
posts-service/internal/middleware/middleware.go:29.67,30.71 1 0
posts-service/internal/middleware/middleware.go:30.71,31.16 1 0
posts-service/internal/middleware/middleware.go:31.16,32.36 1 0
posts-service/internal/middleware/middleware.go:32.36,35.5 2 0
posts-service/internal/middleware/middleware.go:37.3,37.23 1 0
posts-service/internal/middleware/middleware.go:47.46,50.2 2 0
posts-service/internal/middleware/middleware.go:54.70,56.9 2 0
posts-service/internal/middleware/middleware.go:56.9,58.3 1 0
posts-service/internal/middleware/middleware.go:59.2,59.20 1 0
posts-service/internal/middleware/middleware.go:63.32,64.50 1 0
posts-service/internal/middleware/middleware.go:64.50,66.3 1 0
posts-service/internal/model/cursor.go:25.33,28.2 2 0
posts-service/internal/model/cursor.go:31.45,33.16 2 0
posts-service/internal/model/cursor.go:33.16,35.3 1 0
posts-service/internal/model/cursor.go:36.2,37.39 2 0
posts-service/internal/model/cursor.go:37.39,39.3 1 0
posts-service/internal/model/cursor.go:40.2,41.16 2 0
posts-service/internal/model/cursor.go:41.16,43.3 1 0
posts-service/internal/model/cursor.go:44.2,44.72 1 0
posts-service/internal/model/cursor.go:54.57,56.18 2 0
posts-service/internal/model/cursor.go:56.18,58.3 1 0
posts-service/internal/model/cursor.go:59.2,59.35 1 0
posts-service/internal/model/cursor.go:59.35,61.3 1 0
posts-service/internal/model/cursor.go:62.2,63.34 2 0
posts-service/internal/model/cursor.go:63.34,65.17 2 0
posts-service/internal/model/cursor.go:65.17,67.4 1 0
posts-service/internal/model/cursor.go:68.3,68.15 1 0
posts-service/internal/model/cursor.go:70.2,70.15 1 0
posts-service/internal/pubsub/pubsub.go:24.34,26.2 1 0
posts-service/internal/pubsub/pubsub.go:30.90,36.27 5 0
posts-service/internal/pubsub/pubsub.go:36.27,38.3 1 0
posts-service/internal/pubsub/pubsub.go:39.2,42.12 3 0
posts-service/internal/pubsub/pubsub.go:42.12,46.31 4 0
posts-service/internal/pubsub/pubsub.go:46.31,48.4 1 0
posts-service/internal/pubsub/pubsub.go:49.3,50.12 2 0
posts-service/internal/pubsub/pubsub.go:53.2,53.11 1 0
posts-service/internal/pubsub/pubsub.go:58.54,62.44 3 0
posts-service/internal/pubsub/pubsub.go:62.44,63.10 1 0
posts-service/internal/pubsub/pubsub.go:64.22,64.22 0 0
posts-service/internal/pubsub/pubsub.go:65.11,65.11 0 0
posts-service/internal/pubsub/pubsub.go:71.58,75.2 3 0
posts-service/internal/repository/memory/comment.go:19.36,25.2 1 0
posts-service/internal/repository/memory/comment.go:28.79,35.23 6 0
posts-service/internal/repository/memory/comment.go:35.23,37.3 1 0
posts-service/internal/repository/memory/comment.go:37.8,39.3 1 0
posts-service/internal/repository/memory/comment.go:40.2,40.12 1 0
posts-service/internal/repository/memory/comment.go:44.85,49.9 4 0
posts-service/internal/repository/memory/comment.go:49.9,51.3 1 0
posts-service/internal/repository/memory/comment.go:52.2,53.16 2 0
posts-service/internal/repository/memory/comment.go:57.119,63.2 4 0
posts-service/internal/repository/memory/comment.go:66.120,72.2 4 0
posts-service/internal/repository/memory/comment.go:75.144,81.37 5 0
posts-service/internal/repository/memory/comment.go:81.37,85.3 3 0
posts-service/internal/repository/memory/comment.go:86.2,86.28 1 0
posts-service/internal/repository/memory/comment.go:90.65,92.28 2 0
posts-service/internal/repository/memory/comment.go:92.28,95.3 2 0
posts-service/internal/repository/memory/comment.go:96.2,96.15 1 0
posts-service/internal/repository/memory/memory.go:23.39,24.41 1 0
posts-service/internal/repository/memory/memory.go:24.41,26.3 1 0
posts-service/internal/repository/memory/memory.go:27.2,27.24 1 0
posts-service/internal/repository/memory/memory.go:31.50,32.49 1 0
posts-service/internal/repository/memory/memory.go:32.49,32.75 1 0
posts-service/internal/repository/memory/memory.go:33.2,36.13 4 0
posts-service/internal/repository/memory/memory.go:40.63,42.23 2 0
posts-service/internal/repository/memory/memory.go:42.23,44.51 2 0
posts-service/internal/repository/memory/memory.go:44.51,44.77 1 0
posts-service/internal/repository/memory/memory.go:46.2,47.22 2 0
posts-service/internal/repository/memory/memory.go:47.22,49.3 1 0
posts-service/internal/repository/memory/memory.go:50.2,50.30 1 0
posts-service/internal/repository/memory/post.go:19.30,21.2 1 0
posts-service/internal/repository/memory/post.go:24.70,32.2 6 0
posts-service/internal/repository/memory/post.go:35.79,40.9 4 0
posts-service/internal/repository/memory/post.go:40.9,42.3 1 0
posts-service/internal/repository/memory/post.go:43.2,44.16 2 0
posts-service/internal/repository/memory/post.go:49.89,51.2 1 0
posts-service/internal/repository/memory/post.go:54.90,61.23 4 0
posts-service/internal/repository/memory/post.go:61.23,63.52 2 0
posts-service/internal/repository/memory/post.go:63.52,63.82 1 0
posts-service/internal/repository/memory/post.go:65.2,67.15 3 0
posts-service/internal/repository/memory/post.go:67.15,69.3 1 0
posts-service/internal/repository/memory/post.go:71.2,72.36 2 0
posts-service/internal/repository/memory/post.go:72.36,75.3 2 0
posts-service/internal/repository/memory/post.go:76.2,76.29 1 0
posts-service/internal/repository/memory/post.go:80.110,85.9 4 0
posts-service/internal/repository/memory/post.go:85.9,87.3 1 0
posts-service/internal/repository/memory/post.go:88.2,90.16 3 0
posts-service/internal/repository/memory/tx.go:14.32,16.2 1 0
posts-service/internal/repository/memory/tx.go:19.90,21.2 1 0
posts-service/internal/repository/postgres/comment.go:19.48,21.2 1 0
posts-service/internal/repository/postgres/comment.go:25.55,28.35 3 0
posts-service/internal/repository/postgres/comment.go:28.35,30.3 1 0
posts-service/internal/repository/postgres/comment.go:31.2,31.16 1 0
posts-service/internal/repository/postgres/comment.go:31.16,33.3 1 0
posts-service/internal/repository/postgres/comment.go:34.2,34.16 1 0
posts-service/internal/repository/postgres/comment.go:38.81,43.16 2 0
posts-service/internal/repository/postgres/comment.go:43.16,45.3 1 0
posts-service/internal/repository/postgres/comment.go:46.2,46.12 1 0
posts-service/internal/repository/postgres/comment.go:50.87,54.2 2 0
posts-service/internal/repository/postgres/comment.go:57.121,60.23 3 0
posts-service/internal/repository/postgres/comment.go:60.23,63.3 2 0
posts-service/internal/repository/postgres/comment.go:64.2,65.49 2 0
posts-service/internal/repository/postgres/comment.go:69.122,72.23 3 0
posts-service/internal/repository/postgres/comment.go:72.23,75.3 2 0
posts-service/internal/repository/postgres/comment.go:76.2,77.49 2 0
posts-service/internal/repository/postgres/comment.go:82.146,89.16 2 0
posts-service/internal/repository/postgres/comment.go:89.16,91.3 1 0
posts-service/internal/repository/postgres/comment.go:92.2,96.18 4 0
posts-service/internal/repository/postgres/comment.go:96.18,98.17 2 0
posts-service/internal/repository/postgres/comment.go:98.17,100.4 1 0
posts-service/internal/repository/postgres/comment.go:101.3,102.36 2 0
posts-service/internal/repository/postgres/comment.go:102.36,104.12 2 0
posts-service/internal/repository/postgres/comment.go:106.3,106.47 1 0
posts-service/internal/repository/postgres/comment.go:108.2,108.35 1 0
posts-service/internal/repository/postgres/comment.go:108.35,110.3 1 0
posts-service/internal/repository/postgres/comment.go:111.2,111.28 1 0
posts-service/internal/repository/postgres/comment.go:115.122,117.16 2 0
posts-service/internal/repository/postgres/comment.go:117.16,119.3 1 0
posts-service/internal/repository/postgres/comment.go:120.2,123.18 3 0
posts-service/internal/repository/postgres/comment.go:123.18,125.17 2 0
posts-service/internal/repository/postgres/comment.go:125.17,127.4 1 0
posts-service/internal/repository/postgres/comment.go:128.3,128.33 1 0
posts-service/internal/repository/postgres/comment.go:130.2,130.35 1 0
posts-service/internal/repository/postgres/comment.go:130.35,132.3 1 0
posts-service/internal/repository/postgres/comment.go:134.2,135.13 2 0
posts-service/internal/repository/postgres/comment.go:135.13,137.3 1 0
posts-service/internal/repository/postgres/comment.go:138.2,138.31 1 0
posts-service/internal/repository/postgres/post.go:19.42,21.2 1 0
posts-service/internal/repository/postgres/post.go:25.49,28.35 3 0
posts-service/internal/repository/postgres/post.go:28.35,30.3 1 0
posts-service/internal/repository/postgres/post.go:31.2,31.16 1 0
posts-service/internal/repository/postgres/post.go:31.16,33.3 1 0
posts-service/internal/repository/postgres/post.go:34.2,34.16 1 0
posts-service/internal/repository/postgres/post.go:38.72,43.16 2 0
posts-service/internal/repository/postgres/post.go:43.16,45.3 1 0
posts-service/internal/repository/postgres/post.go:46.2,46.12 1 0
posts-service/internal/repository/postgres/post.go:50.81,54.2 2 0
posts-service/internal/repository/postgres/post.go:57.89,61.2 2 0
posts-service/internal/repository/postgres/post.go:64.92,67.23 3 0
posts-service/internal/repository/postgres/post.go:67.23,70.3 2 0
posts-service/internal/repository/postgres/post.go:71.2,74.16 3 0
posts-service/internal/repository/postgres/post.go:74.16,76.3 1 0
posts-service/internal/repository/postgres/post.go:77.2,80.18 3 0
posts-service/internal/repository/postgres/post.go:80.18,82.17 2 0
posts-service/internal/repository/postgres/post.go:82.17,84.4 1 0
posts-service/internal/repository/postgres/post.go:85.3,85.27 1 0
posts-service/internal/repository/postgres/post.go:87.2,87.35 1 0
posts-service/internal/repository/postgres/post.go:87.35,89.3 1 0
posts-service/internal/repository/postgres/post.go:91.2,92.13 2 0
posts-service/internal/repository/postgres/post.go:92.13,94.3 1 0
posts-service/internal/repository/postgres/post.go:95.2,95.28 1 0
posts-service/internal/repository/postgres/post.go:99.112,103.2 2 0
posts-service/internal/repository/postgres/postgres.go:18.70,20.16 2 0
posts-service/internal/repository/postgres/postgres.go:20.16,22.3 1 0
posts-service/internal/repository/postgres/postgres.go:23.2,23.39 1 0
posts-service/internal/repository/postgres/postgres.go:23.39,26.3 2 0
posts-service/internal/repository/postgres/postgres.go:27.2,27.54 1 0
posts-service/internal/repository/postgres/postgres.go:27.54,30.3 2 0
posts-service/internal/repository/postgres/postgres.go:31.2,31.18 1 0
posts-service/internal/repository/postgres/tx.go:40.44,42.2 1 0
posts-service/internal/repository/postgres/tx.go:48.99,49.46 1 0
posts-service/internal/repository/postgres/tx.go:49.46,51.3 1 0
posts-service/internal/repository/postgres/tx.go:53.2,54.16 2 0
posts-service/internal/repository/postgres/tx.go:54.16,56.3 1 0
posts-service/internal/repository/postgres/tx.go:58.2,58.15 1 0
posts-service/internal/repository/postgres/tx.go:58.15,59.31 1 0
posts-service/internal/repository/postgres/tx.go:59.31,61.12 2 0
posts-service/internal/repository/postgres/tx.go:65.2,65.64 1 0
posts-service/internal/repository/postgres/tx.go:65.64,66.46 1 0
posts-service/internal/repository/postgres/tx.go:66.46,68.4 1 0
posts-service/internal/repository/postgres/tx.go:69.3,69.13 1 0
posts-service/internal/repository/postgres/tx.go:72.2,72.39 1 0
posts-service/internal/repository/postgres/tx.go:72.39,74.3 1 0
posts-service/internal/repository/postgres/tx.go:75.2,75.12 1 0
posts-service/internal/repository/postgres/tx.go:79.57,80.47 1 0
posts-service/internal/repository/postgres/tx.go:80.47,82.3 1 0
posts-service/internal/repository/postgres/tx.go:83.2,83.13 1 0
posts-service/internal/usecase/comment.go:27.165,29.2 1 1
posts-service/internal/usecase/comment.go:39.139,40.70 1 1
posts-service/internal/usecase/comment.go:40.70,42.3 1 1
posts-service/internal/usecase/comment.go:43.2,43.59 1 1
posts-service/internal/usecase/comment.go:43.59,45.3 1 1
posts-service/internal/usecase/comment.go:47.2,56.60 2 1
posts-service/internal/usecase/comment.go:56.60,58.17 2 1
posts-service/internal/usecase/comment.go:58.17,60.4 1 1
posts-service/internal/usecase/comment.go:61.3,61.28 1 1
posts-service/internal/usecase/comment.go:61.28,63.4 1 1
posts-service/internal/usecase/comment.go:65.3,65.22 1 1
posts-service/internal/usecase/comment.go:65.22,67.18 2 1
posts-service/internal/usecase/comment.go:67.18,69.5 1 1
posts-service/internal/usecase/comment.go:70.4,70.31 1 1
posts-service/internal/usecase/comment.go:70.31,72.5 1 1
posts-service/internal/usecase/comment.go:75.3,75.41 1 1
posts-service/internal/usecase/comment.go:77.2,77.16 1 1
posts-service/internal/usecase/comment.go:77.16,79.3 1 1
posts-service/internal/usecase/comment.go:81.2,82.21 2 1
posts-service/internal/usecase/comment.go:87.124,88.56 1 1
posts-service/internal/usecase/comment.go:88.56,90.3 1 1
posts-service/internal/usecase/comment.go:91.2,91.51 1 0
posts-service/internal/usecase/comment.go:95.125,97.2 1 0
posts-service/internal/usecase/post.go:21.67,23.2 1 1
posts-service/internal/usecase/post.go:26.130,27.71 1 1
posts-service/internal/usecase/post.go:27.71,29.3 1 1
posts-service/internal/usecase/post.go:31.2,39.50 2 1
posts-service/internal/usecase/post.go:39.50,41.3 1 0
posts-service/internal/usecase/post.go:42.2,42.18 1 1
posts-service/internal/usecase/post.go:46.84,48.2 1 1
posts-service/internal/usecase/post.go:51.100,53.2 1 0
posts-service/internal/usecase/post.go:57.123,59.16 2 1
posts-service/internal/usecase/post.go:59.16,61.3 1 1
posts-service/internal/usecase/post.go:62.2,62.27 1 1
posts-service/internal/usecase/post.go:62.27,64.3 1 1
posts-service/internal/usecase/post.go:65.2,65.59 1 1
posts-service/internal/usecase/post.go:70.21,72.16 2 1
posts-service/internal/usecase/post.go:72.16,74.3 1 0
posts-service/internal/usecase/post.go:75.2,75.20 1 1
posts-service/cmd/main/main.go:27.13,29.36 2 0
posts-service/cmd/main/main.go:29.36,32.3 2 0
posts-service/cmd/main/main.go:35.37,39.16 3 0
posts-service/cmd/main/main.go:39.16,41.3 1 0
posts-service/cmd/main/main.go:43.2,47.16 4 0
posts-service/cmd/main/main.go:47.16,49.3 1 0
posts-service/cmd/main/main.go:50.2,74.12 15 0
posts-service/cmd/main/main.go:74.12,76.76 2 0
posts-service/cmd/main/main.go:76.76,78.4 1 0
posts-service/cmd/main/main.go:81.2,81.9 1 0
posts-service/cmd/main/main.go:82.22,83.13 1 0
posts-service/cmd/main/main.go:84.20,84.20 0 0
posts-service/cmd/main/main.go:87.2,90.37 4 0
posts-service/cmd/main/main.go:95.159,96.21 1 0
posts-service/cmd/main/main.go:97.30,99.17 2 0
posts-service/cmd/main/main.go:99.17,101.4 1 0
posts-service/cmd/main/main.go:102.3,102.113 1 0
posts-service/cmd/main/main.go:103.10,104.87 1 0
posts-service/cmd/main/main.go:104.88,104.89 0 0
posts-service/internal/config/config.go:26.29,33.21 2 0
posts-service/internal/config/config.go:34.21,34.21 0 0
posts-service/internal/config/config.go:35.23,36.28 1 0
posts-service/internal/config/config.go:36.28,38.4 1 0
posts-service/internal/config/config.go:39.10,40.116 1 0
posts-service/internal/config/config.go:42.2,42.17 1 0
posts-service/internal/config/config.go:45.42,46.34 1 0
posts-service/internal/config/config.go:46.34,48.3 1 0
posts-service/internal/config/config.go:49.2,49.17 1 0
posts-service/internal/handler/graphql/errors.go:29.69,31.30 2 0
posts-service/internal/handler/graphql/errors.go:31.30,33.3 1 0
posts-service/internal/handler/graphql/errors.go:35.2,35.42 1 0
posts-service/internal/handler/graphql/errors.go:35.42,36.32 1 0
posts-service/internal/handler/graphql/errors.go:36.32,40.4 3 0
posts-service/internal/handler/graphql/errors.go:44.2,45.79 2 0
posts-service/internal/handler/graphql/errors.go:45.79,47.3 1 0
posts-service/internal/handler/graphql/errors.go:49.2,51.15 3 0
posts-service/internal/handler/graphql/resolver.go:19.114,21.2 1 0
posts-service/internal/handler/graphql/resolver.go:24.92,26.26 2 0
posts-service/internal/handler/graphql/resolver.go:26.26,31.3 1 0
posts-service/internal/handler/graphql/resolver.go:32.2,33.20 2 0
posts-service/internal/handler/graphql/resolver.go:33.20,35.3 1 0
posts-service/internal/handler/graphql/resolver.go:36.2,36.68 1 0
posts-service/internal/handler/graphql/resolver.go:40.83,42.26 2 0
posts-service/internal/handler/graphql/resolver.go:42.26,47.3 1 0
posts-service/internal/handler/graphql/resolver.go:48.2,49.20 2 0
posts-service/internal/handler/graphql/resolver.go:49.20,51.3 1 0
posts-service/internal/handler/graphql/resolver.go:52.2,52.65 1 0
posts-service/internal/handler/graphql/server.go:17.52,30.2 9 0
posts-service/internal/handler/graphql/dataloader/dataloader.go:40.65,45.2 2 0
posts-service/internal/handler/graphql/dataloader/dataloader.go:48.101,50.2 1 0
posts-service/internal/handler/graphql/dataloader/dataloader.go:53.88,54.71 1 0
posts-service/internal/handler/graphql/dataloader/dataloader.go:54.71,57.3 2 0
posts-service/internal/handler/graphql/dataloader/dataloader.go:61.40,64.2 2 0
posts-service/internal/handler/graphql/dataloader/dataloader.go:72.96,77.25 4 0
posts-service/internal/handler/graphql/dataloader/dataloader.go:77.25,79.3 1 0
posts-service/internal/handler/graphql/dataloader/dataloader.go:81.2,81.38 1 0
posts-service/internal/handler/graphql/dataloader/dataloader.go:81.38,83.29 2 0
posts-service/internal/handler/graphql/dataloader/dataloader.go:83.29,85.4 1 0
posts-service/internal/handler/graphql/dataloader/dataloader.go:86.3,87.29 2 0
posts-service/internal/handler/graphql/dataloader/dataloader.go:87.29,88.18 1 0
posts-service/internal/handler/graphql/dataloader/dataloader.go:88.18,90.13 2 0
posts-service/internal/handler/graphql/dataloader/dataloader.go:92.4,92.96 1 0
posts-service/internal/handler/graphql/dataloader/dataloader.go:95.2,95.22 1 0
posts-service/internal/middleware/middleware.go:14.67,15.71 1 0
posts-service/internal/middleware/middleware.go:15.71,25.3 4 0
posts-service/internal/middleware/middleware.go:29.67,30.71 1 0
posts-service/internal/middleware/middleware.go:30.71,31.16 1 0
posts-service/internal/middleware/middleware.go:31.16,32.36 1 0
posts-service/internal/middleware/middleware.go:32.36,35.5 2 0
posts-service/internal/middleware/middleware.go:37.3,37.23 1 0
posts-service/internal/middleware/middleware.go:47.46,50.2 2 0
posts-service/internal/middleware/middleware.go:54.70,56.9 2 0
posts-service/internal/middleware/middleware.go:56.9,58.3 1 0
posts-service/internal/middleware/middleware.go:59.2,59.20 1 0
posts-service/internal/middleware/middleware.go:63.32,64.50 1 0
posts-service/internal/middleware/middleware.go:64.50,66.3 1 0
posts-service/internal/model/cursor.go:25.33,28.2 2 1
posts-service/internal/model/cursor.go:31.45,33.16 2 1
posts-service/internal/model/cursor.go:33.16,35.3 1 1
posts-service/internal/model/cursor.go:36.2,37.39 2 1
posts-service/internal/model/cursor.go:37.39,39.3 1 1
posts-service/internal/model/cursor.go:40.2,41.16 2 1
posts-service/internal/model/cursor.go:41.16,43.3 1 1
posts-service/internal/model/cursor.go:44.2,44.72 1 1
posts-service/internal/model/cursor.go:54.57,56.18 2 1
posts-service/internal/model/cursor.go:56.18,58.3 1 1
posts-service/internal/model/cursor.go:59.2,59.35 1 1
posts-service/internal/model/cursor.go:59.35,61.3 1 1
posts-service/internal/model/cursor.go:62.2,63.34 2 1
posts-service/internal/model/cursor.go:63.34,65.17 2 1
posts-service/internal/model/cursor.go:65.17,67.4 1 1
posts-service/internal/model/cursor.go:68.3,68.15 1 1
posts-service/internal/model/cursor.go:70.2,70.15 1 1
posts-service/internal/pubsub/pubsub.go:24.34,26.2 1 0
posts-service/internal/pubsub/pubsub.go:30.90,36.27 5 0
posts-service/internal/pubsub/pubsub.go:36.27,38.3 1 0
posts-service/internal/pubsub/pubsub.go:39.2,42.12 3 0
posts-service/internal/pubsub/pubsub.go:42.12,46.31 4 0
posts-service/internal/pubsub/pubsub.go:46.31,48.4 1 0
posts-service/internal/pubsub/pubsub.go:49.3,50.12 2 0
posts-service/internal/pubsub/pubsub.go:53.2,53.11 1 0
posts-service/internal/pubsub/pubsub.go:58.54,62.44 3 0
posts-service/internal/pubsub/pubsub.go:62.44,63.10 1 0
posts-service/internal/pubsub/pubsub.go:64.22,64.22 0 0
posts-service/internal/pubsub/pubsub.go:65.11,65.11 0 0
posts-service/internal/pubsub/pubsub.go:71.58,75.2 3 0
posts-service/internal/repository/memory/comment.go:19.36,25.2 1 0
posts-service/internal/repository/memory/comment.go:28.79,35.23 6 0
posts-service/internal/repository/memory/comment.go:35.23,37.3 1 0
posts-service/internal/repository/memory/comment.go:37.8,39.3 1 0
posts-service/internal/repository/memory/comment.go:40.2,40.12 1 0
posts-service/internal/repository/memory/comment.go:44.85,49.9 4 0
posts-service/internal/repository/memory/comment.go:49.9,51.3 1 0
posts-service/internal/repository/memory/comment.go:52.2,53.16 2 0
posts-service/internal/repository/memory/comment.go:57.119,63.2 4 0
posts-service/internal/repository/memory/comment.go:66.120,72.2 4 0
posts-service/internal/repository/memory/comment.go:75.144,81.37 5 0
posts-service/internal/repository/memory/comment.go:81.37,85.3 3 0
posts-service/internal/repository/memory/comment.go:86.2,86.28 1 0
posts-service/internal/repository/memory/comment.go:90.65,92.28 2 0
posts-service/internal/repository/memory/comment.go:92.28,95.3 2 0
posts-service/internal/repository/memory/comment.go:96.2,96.15 1 0
posts-service/internal/repository/memory/memory.go:23.39,24.41 1 0
posts-service/internal/repository/memory/memory.go:24.41,26.3 1 0
posts-service/internal/repository/memory/memory.go:27.2,27.24 1 0
posts-service/internal/repository/memory/memory.go:31.50,32.49 1 0
posts-service/internal/repository/memory/memory.go:32.49,32.75 1 0
posts-service/internal/repository/memory/memory.go:33.2,36.13 4 0
posts-service/internal/repository/memory/memory.go:40.63,42.23 2 0
posts-service/internal/repository/memory/memory.go:42.23,44.51 2 0
posts-service/internal/repository/memory/memory.go:44.51,44.77 1 0
posts-service/internal/repository/memory/memory.go:46.2,47.22 2 0
posts-service/internal/repository/memory/memory.go:47.22,49.3 1 0
posts-service/internal/repository/memory/memory.go:50.2,50.30 1 0
posts-service/internal/repository/memory/post.go:19.30,21.2 1 0
posts-service/internal/repository/memory/post.go:24.70,32.2 6 0
posts-service/internal/repository/memory/post.go:35.79,40.9 4 0
posts-service/internal/repository/memory/post.go:40.9,42.3 1 0
posts-service/internal/repository/memory/post.go:43.2,44.16 2 0
posts-service/internal/repository/memory/post.go:49.89,51.2 1 0
posts-service/internal/repository/memory/post.go:54.90,61.23 4 0
posts-service/internal/repository/memory/post.go:61.23,63.52 2 0
posts-service/internal/repository/memory/post.go:63.52,63.82 1 0
posts-service/internal/repository/memory/post.go:65.2,67.15 3 0
posts-service/internal/repository/memory/post.go:67.15,69.3 1 0
posts-service/internal/repository/memory/post.go:71.2,72.36 2 0
posts-service/internal/repository/memory/post.go:72.36,75.3 2 0
posts-service/internal/repository/memory/post.go:76.2,76.29 1 0
posts-service/internal/repository/memory/post.go:80.110,85.9 4 0
posts-service/internal/repository/memory/post.go:85.9,87.3 1 0
posts-service/internal/repository/memory/post.go:88.2,90.16 3 0
posts-service/internal/repository/memory/tx.go:14.32,16.2 1 0
posts-service/internal/repository/memory/tx.go:19.90,21.2 1 0
posts-service/internal/repository/postgres/comment.go:19.48,21.2 1 0
posts-service/internal/repository/postgres/comment.go:25.55,28.35 3 0
posts-service/internal/repository/postgres/comment.go:28.35,30.3 1 0
posts-service/internal/repository/postgres/comment.go:31.2,31.16 1 0
posts-service/internal/repository/postgres/comment.go:31.16,33.3 1 0
posts-service/internal/repository/postgres/comment.go:34.2,34.16 1 0
posts-service/internal/repository/postgres/comment.go:38.81,43.16 2 0
posts-service/internal/repository/postgres/comment.go:43.16,45.3 1 0
posts-service/internal/repository/postgres/comment.go:46.2,46.12 1 0
posts-service/internal/repository/postgres/comment.go:50.87,54.2 2 0
posts-service/internal/repository/postgres/comment.go:57.121,60.23 3 0
posts-service/internal/repository/postgres/comment.go:60.23,63.3 2 0
posts-service/internal/repository/postgres/comment.go:64.2,65.49 2 0
posts-service/internal/repository/postgres/comment.go:69.122,72.23 3 0
posts-service/internal/repository/postgres/comment.go:72.23,75.3 2 0
posts-service/internal/repository/postgres/comment.go:76.2,77.49 2 0
posts-service/internal/repository/postgres/comment.go:82.146,89.16 2 0
posts-service/internal/repository/postgres/comment.go:89.16,91.3 1 0
posts-service/internal/repository/postgres/comment.go:92.2,96.18 4 0
posts-service/internal/repository/postgres/comment.go:96.18,98.17 2 0
posts-service/internal/repository/postgres/comment.go:98.17,100.4 1 0
posts-service/internal/repository/postgres/comment.go:101.3,102.36 2 0
posts-service/internal/repository/postgres/comment.go:102.36,104.12 2 0
posts-service/internal/repository/postgres/comment.go:106.3,106.47 1 0
posts-service/internal/repository/postgres/comment.go:108.2,108.35 1 0
posts-service/internal/repository/postgres/comment.go:108.35,110.3 1 0
posts-service/internal/repository/postgres/comment.go:111.2,111.28 1 0
posts-service/internal/repository/postgres/comment.go:115.122,117.16 2 0
posts-service/internal/repository/postgres/comment.go:117.16,119.3 1 0
posts-service/internal/repository/postgres/comment.go:120.2,123.18 3 0
posts-service/internal/repository/postgres/comment.go:123.18,125.17 2 0
posts-service/internal/repository/postgres/comment.go:125.17,127.4 1 0
posts-service/internal/repository/postgres/comment.go:128.3,128.33 1 0
posts-service/internal/repository/postgres/comment.go:130.2,130.35 1 0
posts-service/internal/repository/postgres/comment.go:130.35,132.3 1 0
posts-service/internal/repository/postgres/comment.go:134.2,135.13 2 0
posts-service/internal/repository/postgres/comment.go:135.13,137.3 1 0
posts-service/internal/repository/postgres/comment.go:138.2,138.31 1 0
posts-service/internal/repository/postgres/post.go:19.42,21.2 1 0
posts-service/internal/repository/postgres/post.go:25.49,28.35 3 0
posts-service/internal/repository/postgres/post.go:28.35,30.3 1 0
posts-service/internal/repository/postgres/post.go:31.2,31.16 1 0
posts-service/internal/repository/postgres/post.go:31.16,33.3 1 0
posts-service/internal/repository/postgres/post.go:34.2,34.16 1 0
posts-service/internal/repository/postgres/post.go:38.72,43.16 2 0
posts-service/internal/repository/postgres/post.go:43.16,45.3 1 0
posts-service/internal/repository/postgres/post.go:46.2,46.12 1 0
posts-service/internal/repository/postgres/post.go:50.81,54.2 2 0
posts-service/internal/repository/postgres/post.go:57.89,61.2 2 0
posts-service/internal/repository/postgres/post.go:64.92,67.23 3 0
posts-service/internal/repository/postgres/post.go:67.23,70.3 2 0
posts-service/internal/repository/postgres/post.go:71.2,74.16 3 0
posts-service/internal/repository/postgres/post.go:74.16,76.3 1 0
posts-service/internal/repository/postgres/post.go:77.2,80.18 3 0
posts-service/internal/repository/postgres/post.go:80.18,82.17 2 0
posts-service/internal/repository/postgres/post.go:82.17,84.4 1 0
posts-service/internal/repository/postgres/post.go:85.3,85.27 1 0
posts-service/internal/repository/postgres/post.go:87.2,87.35 1 0
posts-service/internal/repository/postgres/post.go:87.35,89.3 1 0
posts-service/internal/repository/postgres/post.go:91.2,92.13 2 0
posts-service/internal/repository/postgres/post.go:92.13,94.3 1 0
posts-service/internal/repository/postgres/post.go:95.2,95.28 1 0
posts-service/internal/repository/postgres/post.go:99.112,103.2 2 0
posts-service/internal/repository/postgres/postgres.go:18.70,20.16 2 0
posts-service/internal/repository/postgres/postgres.go:20.16,22.3 1 0
posts-service/internal/repository/postgres/postgres.go:23.2,23.39 1 0
posts-service/internal/repository/postgres/postgres.go:23.39,26.3 2 0
posts-service/internal/repository/postgres/postgres.go:27.2,27.54 1 0
posts-service/internal/repository/postgres/postgres.go:27.54,30.3 2 0
posts-service/internal/repository/postgres/postgres.go:31.2,31.18 1 0
posts-service/internal/repository/postgres/tx.go:40.44,42.2 1 0
posts-service/internal/repository/postgres/tx.go:48.99,49.46 1 0
posts-service/internal/repository/postgres/tx.go:49.46,51.3 1 0
posts-service/internal/repository/postgres/tx.go:53.2,54.16 2 0
posts-service/internal/repository/postgres/tx.go:54.16,56.3 1 0
posts-service/internal/repository/postgres/tx.go:58.2,58.15 1 0
posts-service/internal/repository/postgres/tx.go:58.15,59.31 1 0
posts-service/internal/repository/postgres/tx.go:59.31,61.12 2 0
posts-service/internal/repository/postgres/tx.go:65.2,65.64 1 0
posts-service/internal/repository/postgres/tx.go:65.64,66.46 1 0
posts-service/internal/repository/postgres/tx.go:66.46,68.4 1 0
posts-service/internal/repository/postgres/tx.go:69.3,69.13 1 0
posts-service/internal/repository/postgres/tx.go:72.2,72.39 1 0
posts-service/internal/repository/postgres/tx.go:72.39,74.3 1 0
posts-service/internal/repository/postgres/tx.go:75.2,75.12 1 0
posts-service/internal/repository/postgres/tx.go:79.57,80.47 1 0
posts-service/internal/repository/postgres/tx.go:80.47,82.3 1 0
posts-service/internal/repository/postgres/tx.go:83.2,83.13 1 0
posts-service/internal/usecase/comment.go:27.165,29.2 1 0
posts-service/internal/usecase/comment.go:39.139,40.70 1 0
posts-service/internal/usecase/comment.go:40.70,42.3 1 0
posts-service/internal/usecase/comment.go:43.2,43.59 1 0
posts-service/internal/usecase/comment.go:43.59,45.3 1 0
posts-service/internal/usecase/comment.go:47.2,56.60 2 0
posts-service/internal/usecase/comment.go:56.60,58.17 2 0
posts-service/internal/usecase/comment.go:58.17,60.4 1 0
posts-service/internal/usecase/comment.go:61.3,61.28 1 0
posts-service/internal/usecase/comment.go:61.28,63.4 1 0
posts-service/internal/usecase/comment.go:65.3,65.22 1 0
posts-service/internal/usecase/comment.go:65.22,67.18 2 0
posts-service/internal/usecase/comment.go:67.18,69.5 1 0
posts-service/internal/usecase/comment.go:70.4,70.31 1 0
posts-service/internal/usecase/comment.go:70.31,72.5 1 0
posts-service/internal/usecase/comment.go:75.3,75.41 1 0
posts-service/internal/usecase/comment.go:77.2,77.16 1 0
posts-service/internal/usecase/comment.go:77.16,79.3 1 0
posts-service/internal/usecase/comment.go:81.2,82.21 2 0
posts-service/internal/usecase/comment.go:87.124,88.56 1 0
posts-service/internal/usecase/comment.go:88.56,90.3 1 0
posts-service/internal/usecase/comment.go:91.2,91.51 1 0
posts-service/internal/usecase/comment.go:95.125,97.2 1 0
posts-service/internal/usecase/post.go:21.67,23.2 1 0
posts-service/internal/usecase/post.go:26.130,27.71 1 0
posts-service/internal/usecase/post.go:27.71,29.3 1 0
posts-service/internal/usecase/post.go:31.2,39.50 2 0
posts-service/internal/usecase/post.go:39.50,41.3 1 0
posts-service/internal/usecase/post.go:42.2,42.18 1 0
posts-service/internal/usecase/post.go:46.84,48.2 1 0
posts-service/internal/usecase/post.go:51.100,53.2 1 0
posts-service/internal/usecase/post.go:57.123,59.16 2 0
posts-service/internal/usecase/post.go:59.16,61.3 1 0
posts-service/internal/usecase/post.go:62.2,62.27 1 0
posts-service/internal/usecase/post.go:62.27,64.3 1 0
posts-service/internal/usecase/post.go:65.2,65.59 1 0
posts-service/internal/usecase/post.go:70.21,72.16 2 0
posts-service/internal/usecase/post.go:72.16,74.3 1 0
posts-service/internal/usecase/post.go:75.2,75.20 1 0
posts-service/cmd/main/main.go:27.13,29.36 2 0
posts-service/cmd/main/main.go:29.36,32.3 2 0
posts-service/cmd/main/main.go:35.37,39.16 3 0
posts-service/cmd/main/main.go:39.16,41.3 1 0
posts-service/cmd/main/main.go:43.2,47.16 4 0
posts-service/cmd/main/main.go:47.16,49.3 1 0
posts-service/cmd/main/main.go:50.2,74.12 15 0
posts-service/cmd/main/main.go:74.12,76.76 2 0
posts-service/cmd/main/main.go:76.76,78.4 1 0
posts-service/cmd/main/main.go:81.2,81.9 1 0
posts-service/cmd/main/main.go:82.22,83.13 1 0
posts-service/cmd/main/main.go:84.20,84.20 0 0
posts-service/cmd/main/main.go:87.2,90.37 4 0
posts-service/cmd/main/main.go:95.159,96.21 1 0
posts-service/cmd/main/main.go:97.30,99.17 2 0
posts-service/cmd/main/main.go:99.17,101.4 1 0
posts-service/cmd/main/main.go:102.3,102.113 1 0
posts-service/cmd/main/main.go:103.10,104.87 1 0
posts-service/cmd/main/main.go:104.88,104.89 0 0
posts-service/internal/config/config.go:26.29,33.21 2 0
posts-service/internal/config/config.go:34.21,34.21 0 0
posts-service/internal/config/config.go:35.23,36.28 1 0
posts-service/internal/config/config.go:36.28,38.4 1 0
posts-service/internal/config/config.go:39.10,40.116 1 0
posts-service/internal/config/config.go:42.2,42.17 1 0
posts-service/internal/config/config.go:45.42,46.34 1 0
posts-service/internal/config/config.go:46.34,48.3 1 0
posts-service/internal/config/config.go:49.2,49.17 1 0
posts-service/internal/handler/graphql/errors.go:29.69,31.30 2 0
posts-service/internal/handler/graphql/errors.go:31.30,33.3 1 0
posts-service/internal/handler/graphql/errors.go:35.2,35.42 1 0
posts-service/internal/handler/graphql/errors.go:35.42,36.32 1 0
posts-service/internal/handler/graphql/errors.go:36.32,40.4 3 0
posts-service/internal/handler/graphql/errors.go:44.2,45.79 2 0
posts-service/internal/handler/graphql/errors.go:45.79,47.3 1 0
posts-service/internal/handler/graphql/errors.go:49.2,51.15 3 0
posts-service/internal/handler/graphql/resolver.go:19.114,21.2 1 0
posts-service/internal/handler/graphql/resolver.go:24.92,26.26 2 0
posts-service/internal/handler/graphql/resolver.go:26.26,31.3 1 0
posts-service/internal/handler/graphql/resolver.go:32.2,33.20 2 0
posts-service/internal/handler/graphql/resolver.go:33.20,35.3 1 0
posts-service/internal/handler/graphql/resolver.go:36.2,36.68 1 0
posts-service/internal/handler/graphql/resolver.go:40.83,42.26 2 0
posts-service/internal/handler/graphql/resolver.go:42.26,47.3 1 0
posts-service/internal/handler/graphql/resolver.go:48.2,49.20 2 0
posts-service/internal/handler/graphql/resolver.go:49.20,51.3 1 0
posts-service/internal/handler/graphql/resolver.go:52.2,52.65 1 0
posts-service/internal/handler/graphql/server.go:17.52,30.2 9 0
posts-service/internal/handler/graphql/dataloader/dataloader.go:40.65,45.2 2 0
posts-service/internal/handler/graphql/dataloader/dataloader.go:48.101,50.2 1 0
posts-service/internal/handler/graphql/dataloader/dataloader.go:53.88,54.71 1 0
posts-service/internal/handler/graphql/dataloader/dataloader.go:54.71,57.3 2 0
posts-service/internal/handler/graphql/dataloader/dataloader.go:61.40,64.2 2 0
posts-service/internal/handler/graphql/dataloader/dataloader.go:72.96,77.25 4 0
posts-service/internal/handler/graphql/dataloader/dataloader.go:77.25,79.3 1 0
posts-service/internal/handler/graphql/dataloader/dataloader.go:81.2,81.38 1 0
posts-service/internal/handler/graphql/dataloader/dataloader.go:81.38,83.29 2 0
posts-service/internal/handler/graphql/dataloader/dataloader.go:83.29,85.4 1 0
posts-service/internal/handler/graphql/dataloader/dataloader.go:86.3,87.29 2 0
posts-service/internal/handler/graphql/dataloader/dataloader.go:87.29,88.18 1 0
posts-service/internal/handler/graphql/dataloader/dataloader.go:88.18,90.13 2 0
posts-service/internal/handler/graphql/dataloader/dataloader.go:92.4,92.96 1 0
posts-service/internal/handler/graphql/dataloader/dataloader.go:95.2,95.22 1 0
posts-service/internal/middleware/middleware.go:14.67,15.71 1 0
posts-service/internal/middleware/middleware.go:15.71,25.3 4 0
posts-service/internal/middleware/middleware.go:29.67,30.71 1 0
posts-service/internal/middleware/middleware.go:30.71,31.16 1 0
posts-service/internal/middleware/middleware.go:31.16,32.36 1 0
posts-service/internal/middleware/middleware.go:32.36,35.5 2 0
posts-service/internal/middleware/middleware.go:37.3,37.23 1 0
posts-service/internal/middleware/middleware.go:47.46,50.2 2 0
posts-service/internal/middleware/middleware.go:54.70,56.9 2 0
posts-service/internal/middleware/middleware.go:56.9,58.3 1 0
posts-service/internal/middleware/middleware.go:59.2,59.20 1 0
posts-service/internal/middleware/middleware.go:63.32,64.50 1 0
posts-service/internal/middleware/middleware.go:64.50,66.3 1 0
posts-service/internal/model/cursor.go:25.33,28.2 2 0
posts-service/internal/model/cursor.go:31.45,33.16 2 0
posts-service/internal/model/cursor.go:33.16,35.3 1 0
posts-service/internal/model/cursor.go:36.2,37.39 2 0
posts-service/internal/model/cursor.go:37.39,39.3 1 0
posts-service/internal/model/cursor.go:40.2,41.16 2 0
posts-service/internal/model/cursor.go:41.16,43.3 1 0
posts-service/internal/model/cursor.go:44.2,44.72 1 0
posts-service/internal/model/cursor.go:54.57,56.18 2 0
posts-service/internal/model/cursor.go:56.18,58.3 1 0
posts-service/internal/model/cursor.go:59.2,59.35 1 0
posts-service/internal/model/cursor.go:59.35,61.3 1 0
posts-service/internal/model/cursor.go:62.2,63.34 2 0
posts-service/internal/model/cursor.go:63.34,65.17 2 0
posts-service/internal/model/cursor.go:65.17,67.4 1 0
posts-service/internal/model/cursor.go:68.3,68.15 1 0
posts-service/internal/model/cursor.go:70.2,70.15 1 0
posts-service/internal/pubsub/pubsub.go:24.34,26.2 1 1
posts-service/internal/pubsub/pubsub.go:30.90,36.27 5 1
posts-service/internal/pubsub/pubsub.go:36.27,38.3 1 1
posts-service/internal/pubsub/pubsub.go:39.2,42.12 3 1
posts-service/internal/pubsub/pubsub.go:42.12,46.31 4 1
posts-service/internal/pubsub/pubsub.go:46.31,48.4 1 1
posts-service/internal/pubsub/pubsub.go:49.3,50.12 2 1
posts-service/internal/pubsub/pubsub.go:53.2,53.11 1 1
posts-service/internal/pubsub/pubsub.go:58.54,62.44 3 1
posts-service/internal/pubsub/pubsub.go:62.44,63.10 1 1
posts-service/internal/pubsub/pubsub.go:64.22,64.22 0 1
posts-service/internal/pubsub/pubsub.go:65.11,65.11 0 1
posts-service/internal/pubsub/pubsub.go:71.58,75.2 3 1
posts-service/internal/repository/memory/comment.go:19.36,25.2 1 0
posts-service/internal/repository/memory/comment.go:28.79,35.23 6 0
posts-service/internal/repository/memory/comment.go:35.23,37.3 1 0
posts-service/internal/repository/memory/comment.go:37.8,39.3 1 0
posts-service/internal/repository/memory/comment.go:40.2,40.12 1 0
posts-service/internal/repository/memory/comment.go:44.85,49.9 4 0
posts-service/internal/repository/memory/comment.go:49.9,51.3 1 0
posts-service/internal/repository/memory/comment.go:52.2,53.16 2 0
posts-service/internal/repository/memory/comment.go:57.119,63.2 4 0
posts-service/internal/repository/memory/comment.go:66.120,72.2 4 0
posts-service/internal/repository/memory/comment.go:75.144,81.37 5 0
posts-service/internal/repository/memory/comment.go:81.37,85.3 3 0
posts-service/internal/repository/memory/comment.go:86.2,86.28 1 0
posts-service/internal/repository/memory/comment.go:90.65,92.28 2 0
posts-service/internal/repository/memory/comment.go:92.28,95.3 2 0
posts-service/internal/repository/memory/comment.go:96.2,96.15 1 0
posts-service/internal/repository/memory/memory.go:23.39,24.41 1 0
posts-service/internal/repository/memory/memory.go:24.41,26.3 1 0
posts-service/internal/repository/memory/memory.go:27.2,27.24 1 0
posts-service/internal/repository/memory/memory.go:31.50,32.49 1 0
posts-service/internal/repository/memory/memory.go:32.49,32.75 1 0
posts-service/internal/repository/memory/memory.go:33.2,36.13 4 0
posts-service/internal/repository/memory/memory.go:40.63,42.23 2 0
posts-service/internal/repository/memory/memory.go:42.23,44.51 2 0
posts-service/internal/repository/memory/memory.go:44.51,44.77 1 0
posts-service/internal/repository/memory/memory.go:46.2,47.22 2 0
posts-service/internal/repository/memory/memory.go:47.22,49.3 1 0
posts-service/internal/repository/memory/memory.go:50.2,50.30 1 0
posts-service/internal/repository/memory/post.go:19.30,21.2 1 0
posts-service/internal/repository/memory/post.go:24.70,32.2 6 0
posts-service/internal/repository/memory/post.go:35.79,40.9 4 0
posts-service/internal/repository/memory/post.go:40.9,42.3 1 0
posts-service/internal/repository/memory/post.go:43.2,44.16 2 0
posts-service/internal/repository/memory/post.go:49.89,51.2 1 0
posts-service/internal/repository/memory/post.go:54.90,61.23 4 0
posts-service/internal/repository/memory/post.go:61.23,63.52 2 0
posts-service/internal/repository/memory/post.go:63.52,63.82 1 0
posts-service/internal/repository/memory/post.go:65.2,67.15 3 0
posts-service/internal/repository/memory/post.go:67.15,69.3 1 0
posts-service/internal/repository/memory/post.go:71.2,72.36 2 0
posts-service/internal/repository/memory/post.go:72.36,75.3 2 0
posts-service/internal/repository/memory/post.go:76.2,76.29 1 0
posts-service/internal/repository/memory/post.go:80.110,85.9 4 0
posts-service/internal/repository/memory/post.go:85.9,87.3 1 0
posts-service/internal/repository/memory/post.go:88.2,90.16 3 0
posts-service/internal/repository/memory/tx.go:14.32,16.2 1 0
posts-service/internal/repository/memory/tx.go:19.90,21.2 1 0
posts-service/internal/repository/postgres/comment.go:19.48,21.2 1 0
posts-service/internal/repository/postgres/comment.go:25.55,28.35 3 0
posts-service/internal/repository/postgres/comment.go:28.35,30.3 1 0
posts-service/internal/repository/postgres/comment.go:31.2,31.16 1 0
posts-service/internal/repository/postgres/comment.go:31.16,33.3 1 0
posts-service/internal/repository/postgres/comment.go:34.2,34.16 1 0
posts-service/internal/repository/postgres/comment.go:38.81,43.16 2 0
posts-service/internal/repository/postgres/comment.go:43.16,45.3 1 0
posts-service/internal/repository/postgres/comment.go:46.2,46.12 1 0
posts-service/internal/repository/postgres/comment.go:50.87,54.2 2 0
posts-service/internal/repository/postgres/comment.go:57.121,60.23 3 0
posts-service/internal/repository/postgres/comment.go:60.23,63.3 2 0
posts-service/internal/repository/postgres/comment.go:64.2,65.49 2 0
posts-service/internal/repository/postgres/comment.go:69.122,72.23 3 0
posts-service/internal/repository/postgres/comment.go:72.23,75.3 2 0
posts-service/internal/repository/postgres/comment.go:76.2,77.49 2 0
posts-service/internal/repository/postgres/comment.go:82.146,89.16 2 0
posts-service/internal/repository/postgres/comment.go:89.16,91.3 1 0
posts-service/internal/repository/postgres/comment.go:92.2,96.18 4 0
posts-service/internal/repository/postgres/comment.go:96.18,98.17 2 0
posts-service/internal/repository/postgres/comment.go:98.17,100.4 1 0
posts-service/internal/repository/postgres/comment.go:101.3,102.36 2 0
posts-service/internal/repository/postgres/comment.go:102.36,104.12 2 0
posts-service/internal/repository/postgres/comment.go:106.3,106.47 1 0
posts-service/internal/repository/postgres/comment.go:108.2,108.35 1 0
posts-service/internal/repository/postgres/comment.go:108.35,110.3 1 0
posts-service/internal/repository/postgres/comment.go:111.2,111.28 1 0
posts-service/internal/repository/postgres/comment.go:115.122,117.16 2 0
posts-service/internal/repository/postgres/comment.go:117.16,119.3 1 0
posts-service/internal/repository/postgres/comment.go:120.2,123.18 3 0
posts-service/internal/repository/postgres/comment.go:123.18,125.17 2 0
posts-service/internal/repository/postgres/comment.go:125.17,127.4 1 0
posts-service/internal/repository/postgres/comment.go:128.3,128.33 1 0
posts-service/internal/repository/postgres/comment.go:130.2,130.35 1 0
posts-service/internal/repository/postgres/comment.go:130.35,132.3 1 0
posts-service/internal/repository/postgres/comment.go:134.2,135.13 2 0
posts-service/internal/repository/postgres/comment.go:135.13,137.3 1 0
posts-service/internal/repository/postgres/comment.go:138.2,138.31 1 0
posts-service/internal/repository/postgres/post.go:19.42,21.2 1 0
posts-service/internal/repository/postgres/post.go:25.49,28.35 3 0
posts-service/internal/repository/postgres/post.go:28.35,30.3 1 0
posts-service/internal/repository/postgres/post.go:31.2,31.16 1 0
posts-service/internal/repository/postgres/post.go:31.16,33.3 1 0
posts-service/internal/repository/postgres/post.go:34.2,34.16 1 0
posts-service/internal/repository/postgres/post.go:38.72,43.16 2 0
posts-service/internal/repository/postgres/post.go:43.16,45.3 1 0
posts-service/internal/repository/postgres/post.go:46.2,46.12 1 0
posts-service/internal/repository/postgres/post.go:50.81,54.2 2 0
posts-service/internal/repository/postgres/post.go:57.89,61.2 2 0
posts-service/internal/repository/postgres/post.go:64.92,67.23 3 0
posts-service/internal/repository/postgres/post.go:67.23,70.3 2 0
posts-service/internal/repository/postgres/post.go:71.2,74.16 3 0
posts-service/internal/repository/postgres/post.go:74.16,76.3 1 0
posts-service/internal/repository/postgres/post.go:77.2,80.18 3 0
posts-service/internal/repository/postgres/post.go:80.18,82.17 2 0
posts-service/internal/repository/postgres/post.go:82.17,84.4 1 0
posts-service/internal/repository/postgres/post.go:85.3,85.27 1 0
posts-service/internal/repository/postgres/post.go:87.2,87.35 1 0
posts-service/internal/repository/postgres/post.go:87.35,89.3 1 0
posts-service/internal/repository/postgres/post.go:91.2,92.13 2 0
posts-service/internal/repository/postgres/post.go:92.13,94.3 1 0
posts-service/internal/repository/postgres/post.go:95.2,95.28 1 0
posts-service/internal/repository/postgres/post.go:99.112,103.2 2 0
posts-service/internal/repository/postgres/postgres.go:18.70,20.16 2 0
posts-service/internal/repository/postgres/postgres.go:20.16,22.3 1 0
posts-service/internal/repository/postgres/postgres.go:23.2,23.39 1 0
posts-service/internal/repository/postgres/postgres.go:23.39,26.3 2 0
posts-service/internal/repository/postgres/postgres.go:27.2,27.54 1 0
posts-service/internal/repository/postgres/postgres.go:27.54,30.3 2 0
posts-service/internal/repository/postgres/postgres.go:31.2,31.18 1 0
posts-service/internal/repository/postgres/tx.go:40.44,42.2 1 0
posts-service/internal/repository/postgres/tx.go:48.99,49.46 1 0
posts-service/internal/repository/postgres/tx.go:49.46,51.3 1 0
posts-service/internal/repository/postgres/tx.go:53.2,54.16 2 0
posts-service/internal/repository/postgres/tx.go:54.16,56.3 1 0
posts-service/internal/repository/postgres/tx.go:58.2,58.15 1 0
posts-service/internal/repository/postgres/tx.go:58.15,59.31 1 0
posts-service/internal/repository/postgres/tx.go:59.31,61.12 2 0
posts-service/internal/repository/postgres/tx.go:65.2,65.64 1 0
posts-service/internal/repository/postgres/tx.go:65.64,66.46 1 0
posts-service/internal/repository/postgres/tx.go:66.46,68.4 1 0
posts-service/internal/repository/postgres/tx.go:69.3,69.13 1 0
posts-service/internal/repository/postgres/tx.go:72.2,72.39 1 0
posts-service/internal/repository/postgres/tx.go:72.39,74.3 1 0
posts-service/internal/repository/postgres/tx.go:75.2,75.12 1 0
posts-service/internal/repository/postgres/tx.go:79.57,80.47 1 0
posts-service/internal/repository/postgres/tx.go:80.47,82.3 1 0
posts-service/internal/repository/postgres/tx.go:83.2,83.13 1 0
posts-service/internal/usecase/comment.go:27.165,29.2 1 0
posts-service/internal/usecase/comment.go:39.139,40.70 1 0
posts-service/internal/usecase/comment.go:40.70,42.3 1 0
posts-service/internal/usecase/comment.go:43.2,43.59 1 0
posts-service/internal/usecase/comment.go:43.59,45.3 1 0
posts-service/internal/usecase/comment.go:47.2,56.60 2 0
posts-service/internal/usecase/comment.go:56.60,58.17 2 0
posts-service/internal/usecase/comment.go:58.17,60.4 1 0
posts-service/internal/usecase/comment.go:61.3,61.28 1 0
posts-service/internal/usecase/comment.go:61.28,63.4 1 0
posts-service/internal/usecase/comment.go:65.3,65.22 1 0
posts-service/internal/usecase/comment.go:65.22,67.18 2 0
posts-service/internal/usecase/comment.go:67.18,69.5 1 0
posts-service/internal/usecase/comment.go:70.4,70.31 1 0
posts-service/internal/usecase/comment.go:70.31,72.5 1 0
posts-service/internal/usecase/comment.go:75.3,75.41 1 0
posts-service/internal/usecase/comment.go:77.2,77.16 1 0
posts-service/internal/usecase/comment.go:77.16,79.3 1 0
posts-service/internal/usecase/comment.go:81.2,82.21 2 0
posts-service/internal/usecase/comment.go:87.124,88.56 1 0
posts-service/internal/usecase/comment.go:88.56,90.3 1 0
posts-service/internal/usecase/comment.go:91.2,91.51 1 0
posts-service/internal/usecase/comment.go:95.125,97.2 1 0
posts-service/internal/usecase/post.go:21.67,23.2 1 0
posts-service/internal/usecase/post.go:26.130,27.71 1 0
posts-service/internal/usecase/post.go:27.71,29.3 1 0
posts-service/internal/usecase/post.go:31.2,39.50 2 0
posts-service/internal/usecase/post.go:39.50,41.3 1 0
posts-service/internal/usecase/post.go:42.2,42.18 1 0
posts-service/internal/usecase/post.go:46.84,48.2 1 0
posts-service/internal/usecase/post.go:51.100,53.2 1 0
posts-service/internal/usecase/post.go:57.123,59.16 2 0
posts-service/internal/usecase/post.go:59.16,61.3 1 0
posts-service/internal/usecase/post.go:62.2,62.27 1 0
posts-service/internal/usecase/post.go:62.27,64.3 1 0
posts-service/internal/usecase/post.go:65.2,65.59 1 0
posts-service/internal/usecase/post.go:70.21,72.16 2 0
posts-service/internal/usecase/post.go:72.16,74.3 1 0
posts-service/internal/usecase/post.go:75.2,75.20 1 0
posts-service/cmd/main/main.go:27.13,29.36 2 0
posts-service/cmd/main/main.go:29.36,32.3 2 0
posts-service/cmd/main/main.go:35.37,39.16 3 0
posts-service/cmd/main/main.go:39.16,41.3 1 0
posts-service/cmd/main/main.go:43.2,47.16 4 0
posts-service/cmd/main/main.go:47.16,49.3 1 0
posts-service/cmd/main/main.go:50.2,74.12 15 0
posts-service/cmd/main/main.go:74.12,76.76 2 0
posts-service/cmd/main/main.go:76.76,78.4 1 0
posts-service/cmd/main/main.go:81.2,81.9 1 0
posts-service/cmd/main/main.go:82.22,83.13 1 0
posts-service/cmd/main/main.go:84.20,84.20 0 0
posts-service/cmd/main/main.go:87.2,90.37 4 0
posts-service/cmd/main/main.go:95.159,96.21 1 0
posts-service/cmd/main/main.go:97.30,99.17 2 0
posts-service/cmd/main/main.go:99.17,101.4 1 0
posts-service/cmd/main/main.go:102.3,102.113 1 0
posts-service/cmd/main/main.go:103.10,104.87 1 0
posts-service/cmd/main/main.go:104.88,104.89 0 0
posts-service/internal/config/config.go:26.29,33.21 2 0
posts-service/internal/config/config.go:34.21,34.21 0 0
posts-service/internal/config/config.go:35.23,36.28 1 0
posts-service/internal/config/config.go:36.28,38.4 1 0
posts-service/internal/config/config.go:39.10,40.116 1 0
posts-service/internal/config/config.go:42.2,42.17 1 0
posts-service/internal/config/config.go:45.42,46.34 1 0
posts-service/internal/config/config.go:46.34,48.3 1 0
posts-service/internal/config/config.go:49.2,49.17 1 0
posts-service/internal/handler/graphql/errors.go:29.69,31.30 2 0
posts-service/internal/handler/graphql/errors.go:31.30,33.3 1 0
posts-service/internal/handler/graphql/errors.go:35.2,35.42 1 0
posts-service/internal/handler/graphql/errors.go:35.42,36.32 1 0
posts-service/internal/handler/graphql/errors.go:36.32,40.4 3 0
posts-service/internal/handler/graphql/errors.go:44.2,45.79 2 0
posts-service/internal/handler/graphql/errors.go:45.79,47.3 1 0
posts-service/internal/handler/graphql/errors.go:49.2,51.15 3 0
posts-service/internal/handler/graphql/resolver.go:19.114,21.2 1 0
posts-service/internal/handler/graphql/resolver.go:24.92,26.26 2 0
posts-service/internal/handler/graphql/resolver.go:26.26,31.3 1 0
posts-service/internal/handler/graphql/resolver.go:32.2,33.20 2 0
posts-service/internal/handler/graphql/resolver.go:33.20,35.3 1 0
posts-service/internal/handler/graphql/resolver.go:36.2,36.68 1 0
posts-service/internal/handler/graphql/resolver.go:40.83,42.26 2 0
posts-service/internal/handler/graphql/resolver.go:42.26,47.3 1 0
posts-service/internal/handler/graphql/resolver.go:48.2,49.20 2 0
posts-service/internal/handler/graphql/resolver.go:49.20,51.3 1 0
posts-service/internal/handler/graphql/resolver.go:52.2,52.65 1 0
posts-service/internal/handler/graphql/server.go:17.52,30.2 9 0
posts-service/internal/handler/graphql/dataloader/dataloader.go:40.65,45.2 2 0
posts-service/internal/handler/graphql/dataloader/dataloader.go:48.101,50.2 1 0
posts-service/internal/handler/graphql/dataloader/dataloader.go:53.88,54.71 1 0
posts-service/internal/handler/graphql/dataloader/dataloader.go:54.71,57.3 2 0
posts-service/internal/handler/graphql/dataloader/dataloader.go:61.40,64.2 2 0
posts-service/internal/handler/graphql/dataloader/dataloader.go:72.96,77.25 4 0
posts-service/internal/handler/graphql/dataloader/dataloader.go:77.25,79.3 1 0
posts-service/internal/handler/graphql/dataloader/dataloader.go:81.2,81.38 1 0
posts-service/internal/handler/graphql/dataloader/dataloader.go:81.38,83.29 2 0
posts-service/internal/handler/graphql/dataloader/dataloader.go:83.29,85.4 1 0
posts-service/internal/handler/graphql/dataloader/dataloader.go:86.3,87.29 2 0
posts-service/internal/handler/graphql/dataloader/dataloader.go:87.29,88.18 1 0
posts-service/internal/handler/graphql/dataloader/dataloader.go:88.18,90.13 2 0
posts-service/internal/handler/graphql/dataloader/dataloader.go:92.4,92.96 1 0
posts-service/internal/handler/graphql/dataloader/dataloader.go:95.2,95.22 1 0
posts-service/internal/middleware/middleware.go:14.67,15.71 1 0
posts-service/internal/middleware/middleware.go:15.71,25.3 4 0
posts-service/internal/middleware/middleware.go:29.67,30.71 1 0
posts-service/internal/middleware/middleware.go:30.71,31.16 1 0
posts-service/internal/middleware/middleware.go:31.16,32.36 1 0
posts-service/internal/middleware/middleware.go:32.36,35.5 2 0
posts-service/internal/middleware/middleware.go:37.3,37.23 1 0
posts-service/internal/middleware/middleware.go:47.46,50.2 2 0
posts-service/internal/middleware/middleware.go:54.70,56.9 2 0
posts-service/internal/middleware/middleware.go:56.9,58.3 1 0
posts-service/internal/middleware/middleware.go:59.2,59.20 1 0
posts-service/internal/middleware/middleware.go:63.32,64.50 1 0
posts-service/internal/middleware/middleware.go:64.50,66.3 1 0
posts-service/internal/model/cursor.go:25.33,28.2 2 0
posts-service/internal/model/cursor.go:31.45,33.16 2 0
posts-service/internal/model/cursor.go:33.16,35.3 1 0
posts-service/internal/model/cursor.go:36.2,37.39 2 0
posts-service/internal/model/cursor.go:37.39,39.3 1 0
posts-service/internal/model/cursor.go:40.2,41.16 2 0
posts-service/internal/model/cursor.go:41.16,43.3 1 0
posts-service/internal/model/cursor.go:44.2,44.72 1 0
posts-service/internal/model/cursor.go:54.57,56.18 2 0
posts-service/internal/model/cursor.go:56.18,58.3 1 0
posts-service/internal/model/cursor.go:59.2,59.35 1 0
posts-service/internal/model/cursor.go:59.35,61.3 1 0
posts-service/internal/model/cursor.go:62.2,63.34 2 0
posts-service/internal/model/cursor.go:63.34,65.17 2 0
posts-service/internal/model/cursor.go:65.17,67.4 1 0
posts-service/internal/model/cursor.go:68.3,68.15 1 0
posts-service/internal/model/cursor.go:70.2,70.15 1 0
posts-service/internal/pubsub/pubsub.go:24.34,26.2 1 0
posts-service/internal/pubsub/pubsub.go:30.90,36.27 5 0
posts-service/internal/pubsub/pubsub.go:36.27,38.3 1 0
posts-service/internal/pubsub/pubsub.go:39.2,42.12 3 0
posts-service/internal/pubsub/pubsub.go:42.12,46.31 4 0
posts-service/internal/pubsub/pubsub.go:46.31,48.4 1 0
posts-service/internal/pubsub/pubsub.go:49.3,50.12 2 0
posts-service/internal/pubsub/pubsub.go:53.2,53.11 1 0
posts-service/internal/pubsub/pubsub.go:58.54,62.44 3 0
posts-service/internal/pubsub/pubsub.go:62.44,63.10 1 0
posts-service/internal/pubsub/pubsub.go:64.22,64.22 0 0
posts-service/internal/pubsub/pubsub.go:65.11,65.11 0 0
posts-service/internal/pubsub/pubsub.go:71.58,75.2 3 0
posts-service/internal/repository/memory/comment.go:19.36,25.2 1 0
posts-service/internal/repository/memory/comment.go:28.79,35.23 6 0
posts-service/internal/repository/memory/comment.go:35.23,37.3 1 0
posts-service/internal/repository/memory/comment.go:37.8,39.3 1 0
posts-service/internal/repository/memory/comment.go:40.2,40.12 1 0
posts-service/internal/repository/memory/comment.go:44.85,49.9 4 0
posts-service/internal/repository/memory/comment.go:49.9,51.3 1 0
posts-service/internal/repository/memory/comment.go:52.2,53.16 2 0
posts-service/internal/repository/memory/comment.go:57.119,63.2 4 0
posts-service/internal/repository/memory/comment.go:66.120,72.2 4 0
posts-service/internal/repository/memory/comment.go:75.144,81.37 5 0
posts-service/internal/repository/memory/comment.go:81.37,85.3 3 0
posts-service/internal/repository/memory/comment.go:86.2,86.28 1 0
posts-service/internal/repository/memory/comment.go:90.65,92.28 2 0
posts-service/internal/repository/memory/comment.go:92.28,95.3 2 0
posts-service/internal/repository/memory/comment.go:96.2,96.15 1 0
posts-service/internal/repository/memory/memory.go:23.39,24.41 1 0
posts-service/internal/repository/memory/memory.go:24.41,26.3 1 0
posts-service/internal/repository/memory/memory.go:27.2,27.24 1 0
posts-service/internal/repository/memory/memory.go:31.50,32.49 1 0
posts-service/internal/repository/memory/memory.go:32.49,32.75 1 0
posts-service/internal/repository/memory/memory.go:33.2,36.13 4 0
posts-service/internal/repository/memory/memory.go:40.63,42.23 2 0
posts-service/internal/repository/memory/memory.go:42.23,44.51 2 0
posts-service/internal/repository/memory/memory.go:44.51,44.77 1 0
posts-service/internal/repository/memory/memory.go:46.2,47.22 2 0
posts-service/internal/repository/memory/memory.go:47.22,49.3 1 0
posts-service/internal/repository/memory/memory.go:50.2,50.30 1 0
posts-service/internal/repository/memory/post.go:19.30,21.2 1 0
posts-service/internal/repository/memory/post.go:24.70,32.2 6 0
posts-service/internal/repository/memory/post.go:35.79,40.9 4 0
posts-service/internal/repository/memory/post.go:40.9,42.3 1 0
posts-service/internal/repository/memory/post.go:43.2,44.16 2 0
posts-service/internal/repository/memory/post.go:49.89,51.2 1 0
posts-service/internal/repository/memory/post.go:54.90,61.23 4 0
posts-service/internal/repository/memory/post.go:61.23,63.52 2 0
posts-service/internal/repository/memory/post.go:63.52,63.82 1 0
posts-service/internal/repository/memory/post.go:65.2,67.15 3 0
posts-service/internal/repository/memory/post.go:67.15,69.3 1 0
posts-service/internal/repository/memory/post.go:71.2,72.36 2 0
posts-service/internal/repository/memory/post.go:72.36,75.3 2 0
posts-service/internal/repository/memory/post.go:76.2,76.29 1 0
posts-service/internal/repository/memory/post.go:80.110,85.9 4 0
posts-service/internal/repository/memory/post.go:85.9,87.3 1 0
posts-service/internal/repository/memory/post.go:88.2,90.16 3 0
posts-service/internal/repository/memory/tx.go:14.32,16.2 1 0
posts-service/internal/repository/memory/tx.go:19.90,21.2 1 0
posts-service/internal/repository/postgres/comment.go:19.48,21.2 1 1
posts-service/internal/repository/postgres/comment.go:25.55,28.35 3 1
posts-service/internal/repository/postgres/comment.go:28.35,30.3 1 1
posts-service/internal/repository/postgres/comment.go:31.2,31.16 1 1
posts-service/internal/repository/postgres/comment.go:31.16,33.3 1 0
posts-service/internal/repository/postgres/comment.go:34.2,34.16 1 1
posts-service/internal/repository/postgres/comment.go:38.81,43.16 2 1
posts-service/internal/repository/postgres/comment.go:43.16,45.3 1 0
posts-service/internal/repository/postgres/comment.go:46.2,46.12 1 1
posts-service/internal/repository/postgres/comment.go:50.87,54.2 2 1
posts-service/internal/repository/postgres/comment.go:57.121,60.23 3 1
posts-service/internal/repository/postgres/comment.go:60.23,63.3 2 0
posts-service/internal/repository/postgres/comment.go:64.2,65.49 2 1
posts-service/internal/repository/postgres/comment.go:69.122,72.23 3 1
posts-service/internal/repository/postgres/comment.go:72.23,75.3 2 0
posts-service/internal/repository/postgres/comment.go:76.2,77.49 2 1
posts-service/internal/repository/postgres/comment.go:82.146,89.16 2 1
posts-service/internal/repository/postgres/comment.go:89.16,91.3 1 0
posts-service/internal/repository/postgres/comment.go:92.2,96.18 4 1
posts-service/internal/repository/postgres/comment.go:96.18,98.17 2 1
posts-service/internal/repository/postgres/comment.go:98.17,100.4 1 0
posts-service/internal/repository/postgres/comment.go:101.3,102.36 2 1
posts-service/internal/repository/postgres/comment.go:102.36,104.12 2 1
posts-service/internal/repository/postgres/comment.go:106.3,106.47 1 1
posts-service/internal/repository/postgres/comment.go:108.2,108.35 1 1
posts-service/internal/repository/postgres/comment.go:108.35,110.3 1 0
posts-service/internal/repository/postgres/comment.go:111.2,111.28 1 1
posts-service/internal/repository/postgres/comment.go:115.122,117.16 2 1
posts-service/internal/repository/postgres/comment.go:117.16,119.3 1 1
posts-service/internal/repository/postgres/comment.go:120.2,123.18 3 1
posts-service/internal/repository/postgres/comment.go:123.18,125.17 2 1
posts-service/internal/repository/postgres/comment.go:125.17,127.4 1 0
posts-service/internal/repository/postgres/comment.go:128.3,128.33 1 1
posts-service/internal/repository/postgres/comment.go:130.2,130.35 1 1
posts-service/internal/repository/postgres/comment.go:130.35,132.3 1 0
posts-service/internal/repository/postgres/comment.go:134.2,135.13 2 1
posts-service/internal/repository/postgres/comment.go:135.13,137.3 1 1
posts-service/internal/repository/postgres/comment.go:138.2,138.31 1 1
posts-service/internal/repository/postgres/post.go:19.42,21.2 1 1
posts-service/internal/repository/postgres/post.go:25.49,28.35 3 1
posts-service/internal/repository/postgres/post.go:28.35,30.3 1 1
posts-service/internal/repository/postgres/post.go:31.2,31.16 1 1
posts-service/internal/repository/postgres/post.go:31.16,33.3 1 0
posts-service/internal/repository/postgres/post.go:34.2,34.16 1 1
posts-service/internal/repository/postgres/post.go:38.72,43.16 2 1
posts-service/internal/repository/postgres/post.go:43.16,45.3 1 0
posts-service/internal/repository/postgres/post.go:46.2,46.12 1 1
posts-service/internal/repository/postgres/post.go:50.81,54.2 2 1
posts-service/internal/repository/postgres/post.go:57.89,61.2 2 1
posts-service/internal/repository/postgres/post.go:64.92,67.23 3 1
posts-service/internal/repository/postgres/post.go:67.23,70.3 2 1
posts-service/internal/repository/postgres/post.go:71.2,74.16 3 1
posts-service/internal/repository/postgres/post.go:74.16,76.3 1 0
posts-service/internal/repository/postgres/post.go:77.2,80.18 3 1
posts-service/internal/repository/postgres/post.go:80.18,82.17 2 1
posts-service/internal/repository/postgres/post.go:82.17,84.4 1 0
posts-service/internal/repository/postgres/post.go:85.3,85.27 1 1
posts-service/internal/repository/postgres/post.go:87.2,87.35 1 1
posts-service/internal/repository/postgres/post.go:87.35,89.3 1 0
posts-service/internal/repository/postgres/post.go:91.2,92.13 2 1
posts-service/internal/repository/postgres/post.go:92.13,94.3 1 1
posts-service/internal/repository/postgres/post.go:95.2,95.28 1 1
posts-service/internal/repository/postgres/post.go:99.112,103.2 2 1
posts-service/internal/repository/postgres/postgres.go:18.70,20.16 2 0
posts-service/internal/repository/postgres/postgres.go:20.16,22.3 1 0
posts-service/internal/repository/postgres/postgres.go:23.2,23.39 1 0
posts-service/internal/repository/postgres/postgres.go:23.39,26.3 2 0
posts-service/internal/repository/postgres/postgres.go:27.2,27.54 1 0
posts-service/internal/repository/postgres/postgres.go:27.54,30.3 2 0
posts-service/internal/repository/postgres/postgres.go:31.2,31.18 1 0
posts-service/internal/repository/postgres/tx.go:40.44,42.2 1 1
posts-service/internal/repository/postgres/tx.go:48.99,49.46 1 1
posts-service/internal/repository/postgres/tx.go:49.46,51.3 1 1
posts-service/internal/repository/postgres/tx.go:53.2,54.16 2 1
posts-service/internal/repository/postgres/tx.go:54.16,56.3 1 1
posts-service/internal/repository/postgres/tx.go:58.2,58.15 1 1
posts-service/internal/repository/postgres/tx.go:58.15,59.31 1 1
posts-service/internal/repository/postgres/tx.go:59.31,61.12 2 0
posts-service/internal/repository/postgres/tx.go:65.2,65.64 1 1
posts-service/internal/repository/postgres/tx.go:65.64,66.46 1 1
posts-service/internal/repository/postgres/tx.go:66.46,68.4 1 0
posts-service/internal/repository/postgres/tx.go:69.3,69.13 1 1
posts-service/internal/repository/postgres/tx.go:72.2,72.39 1 1
posts-service/internal/repository/postgres/tx.go:72.39,74.3 1 0
posts-service/internal/repository/postgres/tx.go:75.2,75.12 1 1
posts-service/internal/repository/postgres/tx.go:79.57,80.47 1 1
posts-service/internal/repository/postgres/tx.go:80.47,82.3 1 1
posts-service/internal/repository/postgres/tx.go:83.2,83.13 1 1
posts-service/internal/usecase/comment.go:27.165,29.2 1 0
posts-service/internal/usecase/comment.go:39.139,40.70 1 0
posts-service/internal/usecase/comment.go:40.70,42.3 1 0
posts-service/internal/usecase/comment.go:43.2,43.59 1 0
posts-service/internal/usecase/comment.go:43.59,45.3 1 0
posts-service/internal/usecase/comment.go:47.2,56.60 2 0
posts-service/internal/usecase/comment.go:56.60,58.17 2 0
posts-service/internal/usecase/comment.go:58.17,60.4 1 0
posts-service/internal/usecase/comment.go:61.3,61.28 1 0
posts-service/internal/usecase/comment.go:61.28,63.4 1 0
posts-service/internal/usecase/comment.go:65.3,65.22 1 0
posts-service/internal/usecase/comment.go:65.22,67.18 2 0
posts-service/internal/usecase/comment.go:67.18,69.5 1 0
posts-service/internal/usecase/comment.go:70.4,70.31 1 0
posts-service/internal/usecase/comment.go:70.31,72.5 1 0
posts-service/internal/usecase/comment.go:75.3,75.41 1 0
posts-service/internal/usecase/comment.go:77.2,77.16 1 0
posts-service/internal/usecase/comment.go:77.16,79.3 1 0
posts-service/internal/usecase/comment.go:81.2,82.21 2 0
posts-service/internal/usecase/comment.go:87.124,88.56 1 0
posts-service/internal/usecase/comment.go:88.56,90.3 1 0
posts-service/internal/usecase/comment.go:91.2,91.51 1 0
posts-service/internal/usecase/comment.go:95.125,97.2 1 0
posts-service/internal/usecase/post.go:21.67,23.2 1 0
posts-service/internal/usecase/post.go:26.130,27.71 1 0
posts-service/internal/usecase/post.go:27.71,29.3 1 0
posts-service/internal/usecase/post.go:31.2,39.50 2 0
posts-service/internal/usecase/post.go:39.50,41.3 1 0
posts-service/internal/usecase/post.go:42.2,42.18 1 0
posts-service/internal/usecase/post.go:46.84,48.2 1 0
posts-service/internal/usecase/post.go:51.100,53.2 1 0
posts-service/internal/usecase/post.go:57.123,59.16 2 0
posts-service/internal/usecase/post.go:59.16,61.3 1 0
posts-service/internal/usecase/post.go:62.2,62.27 1 0
posts-service/internal/usecase/post.go:62.27,64.3 1 0
posts-service/internal/usecase/post.go:65.2,65.59 1 0
posts-service/internal/usecase/post.go:70.21,72.16 2 0
posts-service/internal/usecase/post.go:72.16,74.3 1 0
posts-service/internal/usecase/post.go:75.2,75.20 1 0
posts-service/cmd/main/main.go:27.13,29.36 2 0
posts-service/cmd/main/main.go:29.36,32.3 2 0
posts-service/cmd/main/main.go:35.37,39.16 3 0
posts-service/cmd/main/main.go:39.16,41.3 1 0
posts-service/cmd/main/main.go:43.2,47.16 4 0
posts-service/cmd/main/main.go:47.16,49.3 1 0
posts-service/cmd/main/main.go:50.2,74.12 15 0
posts-service/cmd/main/main.go:74.12,76.76 2 0
posts-service/cmd/main/main.go:76.76,78.4 1 0
posts-service/cmd/main/main.go:81.2,81.9 1 0
posts-service/cmd/main/main.go:82.22,83.13 1 0
posts-service/cmd/main/main.go:84.20,84.20 0 0
posts-service/cmd/main/main.go:87.2,90.37 4 0
posts-service/cmd/main/main.go:95.159,96.21 1 0
posts-service/cmd/main/main.go:97.30,99.17 2 0
posts-service/cmd/main/main.go:99.17,101.4 1 0
posts-service/cmd/main/main.go:102.3,102.113 1 0
posts-service/cmd/main/main.go:103.10,104.87 1 0
posts-service/cmd/main/main.go:104.88,104.89 0 0
posts-service/internal/config/config.go:26.29,33.21 2 0
posts-service/internal/config/config.go:34.21,34.21 0 0
posts-service/internal/config/config.go:35.23,36.28 1 0
posts-service/internal/config/config.go:36.28,38.4 1 0
posts-service/internal/config/config.go:39.10,40.116 1 0
posts-service/internal/config/config.go:42.2,42.17 1 0
posts-service/internal/config/config.go:45.42,46.34 1 0
posts-service/internal/config/config.go:46.34,48.3 1 0
posts-service/internal/config/config.go:49.2,49.17 1 0
posts-service/internal/handler/graphql/errors.go:29.69,31.30 2 0
posts-service/internal/handler/graphql/errors.go:31.30,33.3 1 0
posts-service/internal/handler/graphql/errors.go:35.2,35.42 1 0
posts-service/internal/handler/graphql/errors.go:35.42,36.32 1 0
posts-service/internal/handler/graphql/errors.go:36.32,40.4 3 0
posts-service/internal/handler/graphql/errors.go:44.2,45.79 2 0
posts-service/internal/handler/graphql/errors.go:45.79,47.3 1 0
posts-service/internal/handler/graphql/errors.go:49.2,51.15 3 0
posts-service/internal/handler/graphql/resolver.go:19.114,21.2 1 0
posts-service/internal/handler/graphql/resolver.go:24.92,26.26 2 0
posts-service/internal/handler/graphql/resolver.go:26.26,31.3 1 0
posts-service/internal/handler/graphql/resolver.go:32.2,33.20 2 0
posts-service/internal/handler/graphql/resolver.go:33.20,35.3 1 0
posts-service/internal/handler/graphql/resolver.go:36.2,36.68 1 0
posts-service/internal/handler/graphql/resolver.go:40.83,42.26 2 0
posts-service/internal/handler/graphql/resolver.go:42.26,47.3 1 0
posts-service/internal/handler/graphql/resolver.go:48.2,49.20 2 0
posts-service/internal/handler/graphql/resolver.go:49.20,51.3 1 0
posts-service/internal/handler/graphql/resolver.go:52.2,52.65 1 0
posts-service/internal/handler/graphql/server.go:17.52,30.2 9 0
posts-service/internal/handler/graphql/dataloader/dataloader.go:40.65,45.2 2 0
posts-service/internal/handler/graphql/dataloader/dataloader.go:48.101,50.2 1 0
posts-service/internal/handler/graphql/dataloader/dataloader.go:53.88,54.71 1 0
posts-service/internal/handler/graphql/dataloader/dataloader.go:54.71,57.3 2 0
posts-service/internal/handler/graphql/dataloader/dataloader.go:61.40,64.2 2 0
posts-service/internal/handler/graphql/dataloader/dataloader.go:72.96,77.25 4 0
posts-service/internal/handler/graphql/dataloader/dataloader.go:77.25,79.3 1 0
posts-service/internal/handler/graphql/dataloader/dataloader.go:81.2,81.38 1 0
posts-service/internal/handler/graphql/dataloader/dataloader.go:81.38,83.29 2 0
posts-service/internal/handler/graphql/dataloader/dataloader.go:83.29,85.4 1 0
posts-service/internal/handler/graphql/dataloader/dataloader.go:86.3,87.29 2 0
posts-service/internal/handler/graphql/dataloader/dataloader.go:87.29,88.18 1 0
posts-service/internal/handler/graphql/dataloader/dataloader.go:88.18,90.13 2 0
posts-service/internal/handler/graphql/dataloader/dataloader.go:92.4,92.96 1 0
posts-service/internal/handler/graphql/dataloader/dataloader.go:95.2,95.22 1 0
posts-service/internal/middleware/middleware.go:14.67,15.71 1 0
posts-service/internal/middleware/middleware.go:15.71,25.3 4 0
posts-service/internal/middleware/middleware.go:29.67,30.71 1 0
posts-service/internal/middleware/middleware.go:30.71,31.16 1 0
posts-service/internal/middleware/middleware.go:31.16,32.36 1 0
posts-service/internal/middleware/middleware.go:32.36,35.5 2 0
posts-service/internal/middleware/middleware.go:37.3,37.23 1 0
posts-service/internal/middleware/middleware.go:47.46,50.2 2 0
posts-service/internal/middleware/middleware.go:54.70,56.9 2 0
posts-service/internal/middleware/middleware.go:56.9,58.3 1 0
posts-service/internal/middleware/middleware.go:59.2,59.20 1 0
posts-service/internal/middleware/middleware.go:63.32,64.50 1 0
posts-service/internal/middleware/middleware.go:64.50,66.3 1 0
posts-service/internal/model/cursor.go:25.33,28.2 2 0
posts-service/internal/model/cursor.go:31.45,33.16 2 0
posts-service/internal/model/cursor.go:33.16,35.3 1 0
posts-service/internal/model/cursor.go:36.2,37.39 2 0
posts-service/internal/model/cursor.go:37.39,39.3 1 0
posts-service/internal/model/cursor.go:40.2,41.16 2 0
posts-service/internal/model/cursor.go:41.16,43.3 1 0
posts-service/internal/model/cursor.go:44.2,44.72 1 0
posts-service/internal/model/cursor.go:54.57,56.18 2 0
posts-service/internal/model/cursor.go:56.18,58.3 1 0
posts-service/internal/model/cursor.go:59.2,59.35 1 0
posts-service/internal/model/cursor.go:59.35,61.3 1 0
posts-service/internal/model/cursor.go:62.2,63.34 2 0
posts-service/internal/model/cursor.go:63.34,65.17 2 0
posts-service/internal/model/cursor.go:65.17,67.4 1 0
posts-service/internal/model/cursor.go:68.3,68.15 1 0
posts-service/internal/model/cursor.go:70.2,70.15 1 0
posts-service/internal/pubsub/pubsub.go:24.34,26.2 1 0
posts-service/internal/pubsub/pubsub.go:30.90,36.27 5 0
posts-service/internal/pubsub/pubsub.go:36.27,38.3 1 0
posts-service/internal/pubsub/pubsub.go:39.2,42.12 3 0
posts-service/internal/pubsub/pubsub.go:42.12,46.31 4 0
posts-service/internal/pubsub/pubsub.go:46.31,48.4 1 0
posts-service/internal/pubsub/pubsub.go:49.3,50.12 2 0
posts-service/internal/pubsub/pubsub.go:53.2,53.11 1 0
posts-service/internal/pubsub/pubsub.go:58.54,62.44 3 0
posts-service/internal/pubsub/pubsub.go:62.44,63.10 1 0
posts-service/internal/pubsub/pubsub.go:64.22,64.22 0 0
posts-service/internal/pubsub/pubsub.go:65.11,65.11 0 0
posts-service/internal/pubsub/pubsub.go:71.58,75.2 3 0
posts-service/internal/repository/memory/comment.go:19.36,25.2 1 1
posts-service/internal/repository/memory/comment.go:28.79,35.23 6 1
posts-service/internal/repository/memory/comment.go:35.23,37.3 1 1
posts-service/internal/repository/memory/comment.go:37.8,39.3 1 1
posts-service/internal/repository/memory/comment.go:40.2,40.12 1 1
posts-service/internal/repository/memory/comment.go:44.85,49.9 4 0
posts-service/internal/repository/memory/comment.go:49.9,51.3 1 0
posts-service/internal/repository/memory/comment.go:52.2,53.16 2 0
posts-service/internal/repository/memory/comment.go:57.119,63.2 4 1
posts-service/internal/repository/memory/comment.go:66.120,72.2 4 1
posts-service/internal/repository/memory/comment.go:75.144,81.37 5 1
posts-service/internal/repository/memory/comment.go:81.37,85.3 3 1
posts-service/internal/repository/memory/comment.go:86.2,86.28 1 1
posts-service/internal/repository/memory/comment.go:90.65,92.28 2 1
posts-service/internal/repository/memory/comment.go:92.28,95.3 2 1
posts-service/internal/repository/memory/comment.go:96.2,96.15 1 1
posts-service/internal/repository/memory/memory.go:23.39,24.41 1 1
posts-service/internal/repository/memory/memory.go:24.41,26.3 1 1
posts-service/internal/repository/memory/memory.go:27.2,27.24 1 1
posts-service/internal/repository/memory/memory.go:31.50,32.49 1 1
posts-service/internal/repository/memory/memory.go:32.49,32.75 1 1
posts-service/internal/repository/memory/memory.go:33.2,36.13 4 1
posts-service/internal/repository/memory/memory.go:40.63,42.23 2 1
posts-service/internal/repository/memory/memory.go:42.23,44.51 2 1
posts-service/internal/repository/memory/memory.go:44.51,44.77 1 1
posts-service/internal/repository/memory/memory.go:46.2,47.22 2 1
posts-service/internal/repository/memory/memory.go:47.22,49.3 1 1
posts-service/internal/repository/memory/memory.go:50.2,50.30 1 1
posts-service/internal/repository/memory/post.go:19.30,21.2 1 1
posts-service/internal/repository/memory/post.go:24.70,32.2 6 1
posts-service/internal/repository/memory/post.go:35.79,40.9 4 1
posts-service/internal/repository/memory/post.go:40.9,42.3 1 1
posts-service/internal/repository/memory/post.go:43.2,44.16 2 1
posts-service/internal/repository/memory/post.go:49.89,51.2 1 1
posts-service/internal/repository/memory/post.go:54.90,61.23 4 1
posts-service/internal/repository/memory/post.go:61.23,63.52 2 1
posts-service/internal/repository/memory/post.go:63.52,63.82 1 1
posts-service/internal/repository/memory/post.go:65.2,67.15 3 1
posts-service/internal/repository/memory/post.go:67.15,69.3 1 1
posts-service/internal/repository/memory/post.go:71.2,72.36 2 1
posts-service/internal/repository/memory/post.go:72.36,75.3 2 1
posts-service/internal/repository/memory/post.go:76.2,76.29 1 1
posts-service/internal/repository/memory/post.go:80.110,85.9 4 1
posts-service/internal/repository/memory/post.go:85.9,87.3 1 0
posts-service/internal/repository/memory/post.go:88.2,90.16 3 1
posts-service/internal/repository/memory/tx.go:14.32,16.2 1 1
posts-service/internal/repository/memory/tx.go:19.90,21.2 1 1
posts-service/internal/repository/postgres/comment.go:19.48,21.2 1 0
posts-service/internal/repository/postgres/comment.go:25.55,28.35 3 0
posts-service/internal/repository/postgres/comment.go:28.35,30.3 1 0
posts-service/internal/repository/postgres/comment.go:31.2,31.16 1 0
posts-service/internal/repository/postgres/comment.go:31.16,33.3 1 0
posts-service/internal/repository/postgres/comment.go:34.2,34.16 1 0
posts-service/internal/repository/postgres/comment.go:38.81,43.16 2 0
posts-service/internal/repository/postgres/comment.go:43.16,45.3 1 0
posts-service/internal/repository/postgres/comment.go:46.2,46.12 1 0
posts-service/internal/repository/postgres/comment.go:50.87,54.2 2 0
posts-service/internal/repository/postgres/comment.go:57.121,60.23 3 0
posts-service/internal/repository/postgres/comment.go:60.23,63.3 2 0
posts-service/internal/repository/postgres/comment.go:64.2,65.49 2 0
posts-service/internal/repository/postgres/comment.go:69.122,72.23 3 0
posts-service/internal/repository/postgres/comment.go:72.23,75.3 2 0
posts-service/internal/repository/postgres/comment.go:76.2,77.49 2 0
posts-service/internal/repository/postgres/comment.go:82.146,89.16 2 0
posts-service/internal/repository/postgres/comment.go:89.16,91.3 1 0
posts-service/internal/repository/postgres/comment.go:92.2,96.18 4 0
posts-service/internal/repository/postgres/comment.go:96.18,98.17 2 0
posts-service/internal/repository/postgres/comment.go:98.17,100.4 1 0
posts-service/internal/repository/postgres/comment.go:101.3,102.36 2 0
posts-service/internal/repository/postgres/comment.go:102.36,104.12 2 0
posts-service/internal/repository/postgres/comment.go:106.3,106.47 1 0
posts-service/internal/repository/postgres/comment.go:108.2,108.35 1 0
posts-service/internal/repository/postgres/comment.go:108.35,110.3 1 0
posts-service/internal/repository/postgres/comment.go:111.2,111.28 1 0
posts-service/internal/repository/postgres/comment.go:115.122,117.16 2 0
posts-service/internal/repository/postgres/comment.go:117.16,119.3 1 0
posts-service/internal/repository/postgres/comment.go:120.2,123.18 3 0
posts-service/internal/repository/postgres/comment.go:123.18,125.17 2 0
posts-service/internal/repository/postgres/comment.go:125.17,127.4 1 0
posts-service/internal/repository/postgres/comment.go:128.3,128.33 1 0
posts-service/internal/repository/postgres/comment.go:130.2,130.35 1 0
posts-service/internal/repository/postgres/comment.go:130.35,132.3 1 0
posts-service/internal/repository/postgres/comment.go:134.2,135.13 2 0
posts-service/internal/repository/postgres/comment.go:135.13,137.3 1 0
posts-service/internal/repository/postgres/comment.go:138.2,138.31 1 0
posts-service/internal/repository/postgres/post.go:19.42,21.2 1 0
posts-service/internal/repository/postgres/post.go:25.49,28.35 3 0
posts-service/internal/repository/postgres/post.go:28.35,30.3 1 0
posts-service/internal/repository/postgres/post.go:31.2,31.16 1 0
posts-service/internal/repository/postgres/post.go:31.16,33.3 1 0
posts-service/internal/repository/postgres/post.go:34.2,34.16 1 0
posts-service/internal/repository/postgres/post.go:38.72,43.16 2 0
posts-service/internal/repository/postgres/post.go:43.16,45.3 1 0
posts-service/internal/repository/postgres/post.go:46.2,46.12 1 0
posts-service/internal/repository/postgres/post.go:50.81,54.2 2 0
posts-service/internal/repository/postgres/post.go:57.89,61.2 2 0
posts-service/internal/repository/postgres/post.go:64.92,67.23 3 0
posts-service/internal/repository/postgres/post.go:67.23,70.3 2 0
posts-service/internal/repository/postgres/post.go:71.2,74.16 3 0
posts-service/internal/repository/postgres/post.go:74.16,76.3 1 0
posts-service/internal/repository/postgres/post.go:77.2,80.18 3 0
posts-service/internal/repository/postgres/post.go:80.18,82.17 2 0
posts-service/internal/repository/postgres/post.go:82.17,84.4 1 0
posts-service/internal/repository/postgres/post.go:85.3,85.27 1 0
posts-service/internal/repository/postgres/post.go:87.2,87.35 1 0
posts-service/internal/repository/postgres/post.go:87.35,89.3 1 0
posts-service/internal/repository/postgres/post.go:91.2,92.13 2 0
posts-service/internal/repository/postgres/post.go:92.13,94.3 1 0
posts-service/internal/repository/postgres/post.go:95.2,95.28 1 0
posts-service/internal/repository/postgres/post.go:99.112,103.2 2 0
posts-service/internal/repository/postgres/postgres.go:18.70,20.16 2 0
posts-service/internal/repository/postgres/postgres.go:20.16,22.3 1 0
posts-service/internal/repository/postgres/postgres.go:23.2,23.39 1 0
posts-service/internal/repository/postgres/postgres.go:23.39,26.3 2 0
posts-service/internal/repository/postgres/postgres.go:27.2,27.54 1 0
posts-service/internal/repository/postgres/postgres.go:27.54,30.3 2 0
posts-service/internal/repository/postgres/postgres.go:31.2,31.18 1 0
posts-service/internal/repository/postgres/tx.go:40.44,42.2 1 0
posts-service/internal/repository/postgres/tx.go:48.99,49.46 1 0
posts-service/internal/repository/postgres/tx.go:49.46,51.3 1 0
posts-service/internal/repository/postgres/tx.go:53.2,54.16 2 0
posts-service/internal/repository/postgres/tx.go:54.16,56.3 1 0
posts-service/internal/repository/postgres/tx.go:58.2,58.15 1 0
posts-service/internal/repository/postgres/tx.go:58.15,59.31 1 0
posts-service/internal/repository/postgres/tx.go:59.31,61.12 2 0
posts-service/internal/repository/postgres/tx.go:65.2,65.64 1 0
posts-service/internal/repository/postgres/tx.go:65.64,66.46 1 0
posts-service/internal/repository/postgres/tx.go:66.46,68.4 1 0
posts-service/internal/repository/postgres/tx.go:69.3,69.13 1 0
posts-service/internal/repository/postgres/tx.go:72.2,72.39 1 0
posts-service/internal/repository/postgres/tx.go:72.39,74.3 1 0
posts-service/internal/repository/postgres/tx.go:75.2,75.12 1 0
posts-service/internal/repository/postgres/tx.go:79.57,80.47 1 0
posts-service/internal/repository/postgres/tx.go:80.47,82.3 1 0
posts-service/internal/repository/postgres/tx.go:83.2,83.13 1 0
posts-service/internal/usecase/comment.go:27.165,29.2 1 0
posts-service/internal/usecase/comment.go:39.139,40.70 1 0
posts-service/internal/usecase/comment.go:40.70,42.3 1 0
posts-service/internal/usecase/comment.go:43.2,43.59 1 0
posts-service/internal/usecase/comment.go:43.59,45.3 1 0
posts-service/internal/usecase/comment.go:47.2,56.60 2 0
posts-service/internal/usecase/comment.go:56.60,58.17 2 0
posts-service/internal/usecase/comment.go:58.17,60.4 1 0
posts-service/internal/usecase/comment.go:61.3,61.28 1 0
posts-service/internal/usecase/comment.go:61.28,63.4 1 0
posts-service/internal/usecase/comment.go:65.3,65.22 1 0
posts-service/internal/usecase/comment.go:65.22,67.18 2 0
posts-service/internal/usecase/comment.go:67.18,69.5 1 0
posts-service/internal/usecase/comment.go:70.4,70.31 1 0
posts-service/internal/usecase/comment.go:70.31,72.5 1 0
posts-service/internal/usecase/comment.go:75.3,75.41 1 0
posts-service/internal/usecase/comment.go:77.2,77.16 1 0
posts-service/internal/usecase/comment.go:77.16,79.3 1 0
posts-service/internal/usecase/comment.go:81.2,82.21 2 0
posts-service/internal/usecase/comment.go:87.124,88.56 1 0
posts-service/internal/usecase/comment.go:88.56,90.3 1 0
posts-service/internal/usecase/comment.go:91.2,91.51 1 0
posts-service/internal/usecase/comment.go:95.125,97.2 1 0
posts-service/internal/usecase/post.go:21.67,23.2 1 0
posts-service/internal/usecase/post.go:26.130,27.71 1 0
posts-service/internal/usecase/post.go:27.71,29.3 1 0
posts-service/internal/usecase/post.go:31.2,39.50 2 0
posts-service/internal/usecase/post.go:39.50,41.3 1 0
posts-service/internal/usecase/post.go:42.2,42.18 1 0
posts-service/internal/usecase/post.go:46.84,48.2 1 0
posts-service/internal/usecase/post.go:51.100,53.2 1 0
posts-service/internal/usecase/post.go:57.123,59.16 2 0
posts-service/internal/usecase/post.go:59.16,61.3 1 0
posts-service/internal/usecase/post.go:62.2,62.27 1 0
posts-service/internal/usecase/post.go:62.27,64.3 1 0
posts-service/internal/usecase/post.go:65.2,65.59 1 0
posts-service/internal/usecase/post.go:70.21,72.16 2 0
posts-service/internal/usecase/post.go:72.16,74.3 1 0
posts-service/internal/usecase/post.go:75.2,75.20 1 0
posts-service/internal/middleware/middleware.go:14.67,15.71 1 0
posts-service/internal/middleware/middleware.go:15.71,25.3 4 0
posts-service/internal/middleware/middleware.go:29.67,30.71 1 0
posts-service/internal/middleware/middleware.go:30.71,31.16 1 0
posts-service/internal/middleware/middleware.go:31.16,32.36 1 0
posts-service/internal/middleware/middleware.go:32.36,35.5 2 0
posts-service/internal/middleware/middleware.go:37.3,37.23 1 0
posts-service/internal/middleware/middleware.go:47.46,50.2 2 0
posts-service/internal/middleware/middleware.go:54.70,56.9 2 0
posts-service/internal/middleware/middleware.go:56.9,58.3 1 0
posts-service/internal/middleware/middleware.go:59.2,59.20 1 0
posts-service/internal/middleware/middleware.go:63.32,64.50 1 0
posts-service/internal/middleware/middleware.go:64.50,66.3 1 0
posts-service/internal/handler/graphql/dataloader/dataloader.go:40.65,45.2 2 0
posts-service/internal/handler/graphql/dataloader/dataloader.go:48.101,50.2 1 0
posts-service/internal/handler/graphql/dataloader/dataloader.go:53.88,54.71 1 0
posts-service/internal/handler/graphql/dataloader/dataloader.go:54.71,57.3 2 0
posts-service/internal/handler/graphql/dataloader/dataloader.go:61.40,64.2 2 0
posts-service/internal/handler/graphql/dataloader/dataloader.go:72.96,77.25 4 0
posts-service/internal/handler/graphql/dataloader/dataloader.go:77.25,79.3 1 0
posts-service/internal/handler/graphql/dataloader/dataloader.go:81.2,81.38 1 0
posts-service/internal/handler/graphql/dataloader/dataloader.go:81.38,83.29 2 0
posts-service/internal/handler/graphql/dataloader/dataloader.go:83.29,85.4 1 0
posts-service/internal/handler/graphql/dataloader/dataloader.go:86.3,87.29 2 0
posts-service/internal/handler/graphql/dataloader/dataloader.go:87.29,88.18 1 0
posts-service/internal/handler/graphql/dataloader/dataloader.go:88.18,90.13 2 0
posts-service/internal/handler/graphql/dataloader/dataloader.go:92.4,92.96 1 0
posts-service/internal/handler/graphql/dataloader/dataloader.go:95.2,95.22 1 0
posts-service/cmd/main/main.go:27.13,29.36 2 0
posts-service/cmd/main/main.go:29.36,32.3 2 0
posts-service/cmd/main/main.go:35.37,39.16 3 0
posts-service/cmd/main/main.go:39.16,41.3 1 0
posts-service/cmd/main/main.go:43.2,47.16 4 0
posts-service/cmd/main/main.go:47.16,49.3 1 0
posts-service/cmd/main/main.go:50.2,74.12 15 0
posts-service/cmd/main/main.go:74.12,76.76 2 0
posts-service/cmd/main/main.go:76.76,78.4 1 0
posts-service/cmd/main/main.go:81.2,81.9 1 0
posts-service/cmd/main/main.go:82.22,83.13 1 0
posts-service/cmd/main/main.go:84.20,84.20 0 0
posts-service/cmd/main/main.go:87.2,90.37 4 0
posts-service/cmd/main/main.go:95.159,96.21 1 0
posts-service/cmd/main/main.go:97.30,99.17 2 0
posts-service/cmd/main/main.go:99.17,101.4 1 0
posts-service/cmd/main/main.go:102.3,102.113 1 0
posts-service/cmd/main/main.go:103.10,104.87 1 0
posts-service/cmd/main/main.go:104.88,104.89 0 0
posts-service/internal/config/config.go:26.29,33.21 2 0
posts-service/internal/config/config.go:34.21,34.21 0 0
posts-service/internal/config/config.go:35.23,36.28 1 0
posts-service/internal/config/config.go:36.28,38.4 1 0
posts-service/internal/config/config.go:39.10,40.116 1 0
posts-service/internal/config/config.go:42.2,42.17 1 0
posts-service/internal/config/config.go:45.42,46.34 1 0
posts-service/internal/config/config.go:46.34,48.3 1 0
posts-service/internal/config/config.go:49.2,49.17 1 0
posts-service/internal/handler/graphql/errors.go:29.69,31.30 2 0
posts-service/internal/handler/graphql/errors.go:31.30,33.3 1 0
posts-service/internal/handler/graphql/errors.go:35.2,35.42 1 0
posts-service/internal/handler/graphql/errors.go:35.42,36.32 1 0
posts-service/internal/handler/graphql/errors.go:36.32,40.4 3 0
posts-service/internal/handler/graphql/errors.go:44.2,45.79 2 0
posts-service/internal/handler/graphql/errors.go:45.79,47.3 1 0
posts-service/internal/handler/graphql/errors.go:49.2,51.15 3 0
posts-service/internal/handler/graphql/resolver.go:19.114,21.2 1 0
posts-service/internal/handler/graphql/resolver.go:24.92,26.26 2 0
posts-service/internal/handler/graphql/resolver.go:26.26,31.3 1 0
posts-service/internal/handler/graphql/resolver.go:32.2,33.20 2 0
posts-service/internal/handler/graphql/resolver.go:33.20,35.3 1 0
posts-service/internal/handler/graphql/resolver.go:36.2,36.68 1 0
posts-service/internal/handler/graphql/resolver.go:40.83,42.26 2 0
posts-service/internal/handler/graphql/resolver.go:42.26,47.3 1 0
posts-service/internal/handler/graphql/resolver.go:48.2,49.20 2 0
posts-service/internal/handler/graphql/resolver.go:49.20,51.3 1 0
posts-service/internal/handler/graphql/resolver.go:52.2,52.65 1 0
posts-service/internal/handler/graphql/server.go:17.52,30.2 9 0
